#
# There is insufficient memory for the Java Runtime Environment to continue.
# Native memory allocation (mmap) failed to map 568328192 bytes. Error detail: G1 virtual space
# Possible reasons:
#   The system is out of physical RAM or swap space
#   This process is running with CompressedOops enabled, and the Java Heap may be blocking the growth of the native heap
# Possible solutions:
#   Reduce memory load on the system
#   Increase physical memory or swap space
#   Check if swap backing store is full
#   Decrease Java heap size (-Xmx/-Xms)
#   Decrease number of Java threads
#   Decrease Java thread stack sizes (-Xss)
#   Set larger code cache with -XX:ReservedCodeCacheSize=
#   JVM is running with Zero Based Compressed Oops mode in which the Java heap is
#     placed in the first 32GB address space. The Java Heap base address is the
#     maximum limit for the native heap growth. Please use -XX:HeapBaseMinAddress
#     to set the Java Heap base and to place the Java Heap above 32GB virtual address.
# This output file may be truncated or incomplete.
#
#  Out of Memory Error (os_windows.cpp:3618), pid=5804, tid=7928
#
# JRE version: OpenJDK Runtime Environment Temurin-17.0.16+8 (17.0.16+8) (build 17.0.16+8)
# Java VM: OpenJDK 64-Bit Server VM Temurin-17.0.16+8 (17.0.16+8, mixed mode, sharing, tiered, compressed oops, compressed class ptrs, g1 gc, windows-amd64)
# No core dump will be written. Minidumps are not enabled by default on client versions of Windows
#

---------------  S U M M A R Y ------------

Command Line: --add-opens=java.base/java.util=ALL-UNNAMED --add-opens=java.base/java.lang=ALL-UNNAMED --add-opens=java.base/java.lang.invoke=ALL-UNNAMED --add-opens=java.prefs/java.util.prefs=ALL-UNNAMED --add-opens=java.base/java.nio.charset=ALL-UNNAMED --add-opens=java.base/java.net=ALL-UNNAMED --add-opens=java.base/java.util.concurrent.atomic=ALL-UNNAMED -Xmx3G -Dfile.encoding=UTF-8 -Duser.country=CN -Duser.language=zh -Duser.variant -javaagent:C:\Users\Administrator\.gradle\wrapper\dists\gradle-8.8-bin\dl7vupf4psengwqhwktix4v1\gradle-8.8\lib\agents\gradle-instrumentation-agent-8.8.jar org.gradle.launcher.daemon.bootstrap.GradleDaemon 8.8

Host: 11th Gen Intel(R) Core(TM) i5-11320H @ 3.20GHz, 8 cores, 15G,  Windows 10 , 64 bit Build 19041 (10.0.19041.5198)
Time: Sun Aug  2 00:34:05 2026  Windows 10 , 64 bit Build 19041 (10.0.19041.5198) elapsed time: 141.207503 seconds (0d 0h 2m 21s)

---------------  T H R E A D  ---------------

Current thread (0x000001f89550ff20):  VMThread "VM Thread" [stack: 0x00000041e5b00000,0x00000041e5c00000] [id=7928]

Stack: [0x00000041e5b00000,0x00000041e5c00000]
Native frames: (J=compiled Java code, j=interpreted, Vv=VM code, C=native code)
V  [jvm.dll+0x683169]
V  [jvm.dll+0x839ac8]
V  [jvm.dll+0x83b573]
V  [jvm.dll+0x83bbe3]
V  [jvm.dll+0x2473ff]
V  [jvm.dll+0x67ff49]
V  [jvm.dll+0x674e3a]
V  [jvm.dll+0x304ea6]
V  [jvm.dll+0x30c366]
V  [jvm.dll+0x35deee]
V  [jvm.dll+0x35e12d]
V  [jvm.dll+0x2dc26c]
V  [jvm.dll+0x2da60f]
V  [jvm.dll+0x2d9d7c]
V  [jvm.dll+0x31d921]
V  [jvm.dll+0x84041d]
V  [jvm.dll+0x841153]
V  [jvm.dll+0x84167f]
V  [jvm.dll+0x841a64]
V  [jvm.dll+0x841b2e]
V  [jvm.dll+0x7e979c]
V  [jvm.dll+0x682047]
C  [ucrtbase.dll+0x21bb2]
C  [KERNEL32.DLL+0x17374]
C  [ntdll.dll+0x4cc91]

VM_Operation (0x00000041e73f9270): G1TryInitiateConcMark, mode: safepoint, requested by thread 0x000001f8dd07a570


---------------  P R O C E S S  ---------------

Threads class SMR info:
_java_thread_list=0x000001f8e1a14950, length=89, elements={
0x000001f8f496d150, 0x000001f895519890, 0x000001f89551a450, 0x000001f895537b20,
0x000001f89553a500, 0x000001f89553ced0, 0x000001f89553d890, 0x000001f89553e630,
0x000001f89553f0e0, 0x000001f89553fae0, 0x000001f895503310, 0x000001f8957d6af0,
0x000001f8dcef4730, 0x000001f8dbc19e50, 0x000001f8dced7050, 0x000001f8dd00f250,
0x000001f8dd07a570, 0x000001f8dd07d300, 0x000001f8dd07af90, 0x000001f8dd07d810,
0x000001f8dd07aa80, 0x000001f8dd07cdf0, 0x000001f8dc78ea40, 0x000001f8dc78ef50,
0x000001f8dc78b290, 0x000001f8dc78b7a0, 0x000001f8dc78cbe0, 0x000001f8dc790390,
0x000001f8de634b50, 0x000001f8de635060, 0x000001f8de636ec0, 0x000001f8dfe37ac0,
0x000001f8e0a6d120, 0x000001f8e0a6f490, 0x000001f8e0a6a8a0, 0x000001f8e0a6d630,
0x000001f8e0a69970, 0x000001f8e0a6a390, 0x000001f8e0a69460, 0x000001f8e0a703c0,
0x000001f8e0a6e050, 0x000001f8e0a69e80, 0x000001f8e0a6feb0, 0x000001f8e084b4b0,
0x000001f8e0a6b2c0, 0x000001f8e0a6ea70, 0x000001f8e0a6c700, 0x000001f8e0a6e560,
0x000001f8e0a6b7d0, 0x000001f8e0a6bce0, 0x000001f8e0a708d0, 0x000001f8e0a6db40,
0x000001f8e0a6cc10, 0x000001f8e0a6ef80, 0x000001f8e0a6f9a0, 0x000001f8e0a6adb0,
0x000001f8de634640, 0x000001f8de6327e0, 0x000001f8de635570, 0x000001f8de633710,
0x000001f8de6322d0, 0x000001f8de632cf0, 0x000001f8de633200, 0x000001f8de635a80,
0x000001f8de633c20, 0x000001f8de634130, 0x000001f8de6313a0, 0x000001f8de6378e0,
0x000001f8de635f90, 0x000001f8de6364a0, 0x000001f8de6369b0, 0x000001f8de630470,
0x000001f8de630980, 0x000001f8de630e90, 0x000001f8de6318b0, 0x000001f8de631dc0,
0x000001f8dfe32ed0, 0x000001f8dfe35c60, 0x000001f8dfe31580, 0x000001f8dfe34d30,
0x000001f8dfe36680, 0x000001f8dfe30140, 0x000001f8dfe30b60, 0x000001f8dfe333e0,
0x000001f8dfe370a0, 0x000001f8dfe338f0, 0x000001f8dfe30650, 0x000001f8dfe35240,
0x000001f8dfe31a90
}

Java Threads: ( => current thread )
  0x000001f8f496d150 JavaThread "main" [_thread_blocked, id=43908, stack(0x00000041e5500000,0x00000041e5600000)]
  0x000001f895519890 JavaThread "Reference Handler" daemon [_thread_blocked, id=22324, stack(0x00000041e5c00000,0x00000041e5d00000)]
  0x000001f89551a450 JavaThread "Finalizer" daemon [_thread_blocked, id=43992, stack(0x00000041e5d00000,0x00000041e5e00000)]
  0x000001f895537b20 JavaThread "Signal Dispatcher" daemon [_thread_blocked, id=42796, stack(0x00000041e5e00000,0x00000041e5f00000)]
  0x000001f89553a500 JavaThread "Attach Listener" daemon [_thread_blocked, id=3692, stack(0x00000041e5f00000,0x00000041e6000000)]
  0x000001f89553ced0 JavaThread "Service Thread" daemon [_thread_blocked, id=19192, stack(0x00000041e6000000,0x00000041e6100000)]
  0x000001f89553d890 JavaThread "Monitor Deflation Thread" daemon [_thread_blocked, id=39296, stack(0x00000041e6100000,0x00000041e6200000)]
  0x000001f89553e630 JavaThread "C2 CompilerThread0" daemon [_thread_blocked, id=33832, stack(0x00000041e6200000,0x00000041e6300000)]
  0x000001f89553f0e0 JavaThread "C1 CompilerThread0" daemon [_thread_blocked, id=4660, stack(0x00000041e6300000,0x00000041e6400000)]
  0x000001f89553fae0 JavaThread "Sweeper thread" daemon [_thread_blocked, id=31944, stack(0x00000041e6400000,0x00000041e6500000)]
  0x000001f895503310 JavaThread "Common-Cleaner" daemon [_thread_blocked, id=43584, stack(0x00000041e6500000,0x00000041e6600000)]
  0x000001f8957d6af0 JavaThread "Notification Thread" daemon [_thread_blocked, id=42632, stack(0x00000041e6700000,0x00000041e6800000)]
  0x000001f8dcef4730 JavaThread "Daemon health stats" [_thread_blocked, id=33732, stack(0x00000041e6600000,0x00000041e6700000)]
  0x000001f8dbc19e50 JavaThread "Incoming local TCP Connector on port 61598" [_thread_in_native, id=44192, stack(0x00000041e6900000,0x00000041e6a00000)]
  0x000001f8dced7050 JavaThread "Daemon periodic checks" [_thread_blocked, id=6216, stack(0x00000041e6f00000,0x00000041e7000000)]
  0x000001f8dd00f250 JavaThread "Daemon" [_thread_blocked, id=10840, stack(0x00000041e7000000,0x00000041e7100000)]
  0x000001f8dd07a570 JavaThread "Daemon worker" [_thread_blocked, id=34024, stack(0x00000041e7300000,0x00000041e7400000)]
  0x000001f8dd07d300 JavaThread "Cache worker for journal cache (C:\Users\Administrator\.gradle\caches\journal-1)" [_thread_blocked, id=18056, stack(0x00000041e7700000,0x00000041e7800000)]
  0x000001f8dd07af90 JavaThread "File lock request listener" [_thread_in_native, id=16980, stack(0x00000041e7800000,0x00000041e7900000)]
  0x000001f8dd07d810 JavaThread "Cache worker for file hash cache (C:\Users\Administrator\.gradle\caches\8.8\fileHashes)" [_thread_blocked, id=45272, stack(0x00000041e7900000,0x00000041e7a00000)]
  0x000001f8dd07aa80 JavaThread "File watcher server" daemon [_thread_blocked, id=28588, stack(0x00000041e7a00000,0x00000041e7b00000)]
  0x000001f8dd07cdf0 JavaThread "File watcher consumer" daemon [_thread_blocked, id=44972, stack(0x00000041e7c00000,0x00000041e7d00000)]
  0x000001f8dc78ea40 JavaThread "Cache worker for file content cache (C:\Users\Administrator\.gradle\caches\8.8\fileContent)" [_thread_blocked, id=45116, stack(0x00000041e8100000,0x00000041e8200000)]
  0x000001f8dc78ef50 JavaThread "jar transforms" [_thread_blocked, id=20952, stack(0x00000041e8500000,0x00000041e8600000)]
  0x000001f8dc78b290 JavaThread "jar transforms Thread 2" [_thread_blocked, id=43828, stack(0x00000041e8200000,0x00000041e8300000)]
  0x000001f8dc78b7a0 JavaThread "jar transforms Thread 3" [_thread_blocked, id=33480, stack(0x00000041e8a00000,0x00000041e8b00000)]
  0x000001f8dc78cbe0 JavaThread "jar transforms Thread 4" [_thread_blocked, id=46040, stack(0x00000041e9400000,0x00000041e9500000)]
  0x000001f8dc790390 JavaThread "jar transforms Thread 5" [_thread_blocked, id=44460, stack(0x00000041e9500000,0x00000041e9600000)]
  0x000001f8de634b50 JavaThread "jar transforms Thread 6" [_thread_blocked, id=37628, stack(0x00000041e9b00000,0x00000041e9c00000)]
  0x000001f8de635060 JavaThread "jar transforms Thread 7" [_thread_blocked, id=31804, stack(0x00000041e9c00000,0x00000041e9d00000)]
  0x000001f8de636ec0 JavaThread "jar transforms Thread 8" [_thread_blocked, id=45764, stack(0x00000041ea300000,0x00000041ea400000)]
  0x000001f8dfe37ac0 JavaThread "Memory manager" [_thread_blocked, id=20940, stack(0x00000041ebb00000,0x00000041ebc00000)]
  0x000001f8e0a6d120 JavaThread "ForkJoinPool.commonPool-worker-1" daemon [_thread_blocked, id=45432, stack(0x00000041ecb00000,0x00000041ecc00000)]
  0x000001f8e0a6f490 JavaThread "ForkJoinPool.commonPool-worker-2" daemon [_thread_blocked, id=44804, stack(0x00000041ecc00000,0x00000041ecd00000)]
  0x000001f8e0a6a8a0 JavaThread "ForkJoinPool.commonPool-worker-3" daemon [_thread_blocked, id=28584, stack(0x00000041ecd00000,0x00000041ece00000)]
  0x000001f8e0a6d630 JavaThread "ForkJoinPool.commonPool-worker-4" daemon [_thread_blocked, id=43496, stack(0x00000041ece00000,0x00000041ecf00000)]
  0x000001f8e0a69970 JavaThread "ForkJoinPool.commonPool-worker-6" daemon [_thread_blocked, id=46016, stack(0x00000041ecf00000,0x00000041ed000000)]
  0x000001f8e0a6a390 JavaThread "ForkJoinPool.commonPool-worker-5" daemon [_thread_blocked, id=45684, stack(0x00000041ed000000,0x00000041ed100000)]
  0x000001f8e0a69460 JavaThread "ForkJoinPool.commonPool-worker-7" daemon [_thread_blocked, id=45200, stack(0x00000041ed100000,0x00000041ed200000)]
  0x000001f8e0a703c0 JavaThread "Exec process" [_thread_blocked, id=44876, stack(0x00000041ed200000,0x00000041ed300000)]
  0x000001f8e0a6e050 JavaThread "Exec process Thread 2" [_thread_blocked, id=26936, stack(0x00000041ed300000,0x00000041ed400000)]
  0x000001f8e0a69e80 JavaThread "Exec process Thread 3" [_thread_blocked, id=5140, stack(0x00000041ed400000,0x00000041ed500000)]
  0x000001f8e0a6feb0 JavaThread "included builds" [_thread_blocked, id=45236, stack(0x00000041ed500000,0x00000041ed600000)]
  0x000001f8e084b4b0 JavaThread "Cache worker for Java compile cache (C:\Users\Administrator\.gradle\caches\8.8\javaCompile)" [_thread_blocked, id=43324, stack(0x00000041ee800000,0x00000041ee900000)]
  0x000001f8e0a6b2c0 JavaThread "VFS cleanup" [_thread_blocked, id=37232, stack(0x00000041e5200000,0x00000041e5300000)]
  0x000001f8e0a6ea70 JavaThread "Handler for socket connection from /127.0.0.1:61598 to /127.0.0.1:61756" [_thread_in_native, id=45616, stack(0x00000041e5300000,0x00000041e5400000)]
  0x000001f8e0a6c700 JavaThread "Cancel handler" [_thread_blocked, id=32024, stack(0x00000041e5400000,0x00000041e5500000)]
  0x000001f8e0a6e560 JavaThread "Asynchronous log dispatcher for DefaultDaemonConnection: socket connection from /127.0.0.1:61598 to /127.0.0.1:61756" [_thread_blocked, id=27120, stack(0x00000041e7100000,0x00000041e7200000)]
  0x000001f8e0a6b7d0 JavaThread "Stdin handler" [_thread_blocked, id=17996, stack(0x00000041e7200000,0x00000041e7300000)]
  0x000001f8e0a6bce0 JavaThread "Daemon client event forwarder" [_thread_blocked, id=18516, stack(0x00000041e7400000,0x00000041e7500000)]
  0x000001f8e0a708d0 JavaThread "Cache worker for file hash cache (D:\User\Desktop\MOP\test_mod\.gradle\8.8\fileHashes)" [_thread_blocked, id=43044, stack(0x00000041e7500000,0x00000041e7600000)]
  0x000001f8e0a6db40 JavaThread "Cache worker for checksums cache (D:\User\Desktop\MOP\test_mod\.gradle\8.8\checksums)" [_thread_blocked, id=44820, stack(0x00000041e7600000,0x00000041e7700000)]
  0x000001f8e0a6cc10 JavaThread "Cache worker for cache directory md-rule (C:\Users\Administrator\.gradle\caches\8.8\md-rule)" [_thread_blocked, id=42352, stack(0x00000041e7b00000,0x00000041e7c00000)]
  0x000001f8e0a6ef80 JavaThread "Cache worker for cache directory md-supplier (C:\Users\Administrator\.gradle\caches\8.8\md-supplier)" [_thread_blocked, id=3932, stack(0x00000041e8000000,0x00000041e8100000)]
  0x000001f8e0a6f9a0 JavaThread "Unconstrained build operations" [_thread_blocked, id=39264, stack(0x00000041e8300000,0x00000041e8400000)]
  0x000001f8e0a6adb0 JavaThread "Unconstrained build operations Thread 2" [_thread_blocked, id=45612, stack(0x00000041e8400000,0x00000041e8500000)]
  0x000001f8de634640 JavaThread "Unconstrained build operations Thread 3" [_thread_blocked, id=8356, stack(0x00000041e8600000,0x00000041e8700000)]
  0x000001f8de6327e0 JavaThread "Unconstrained build operations Thread 4" [_thread_blocked, id=45672, stack(0x00000041e8700000,0x00000041e8800000)]
  0x000001f8de635570 JavaThread "Unconstrained build operations Thread 5" [_thread_blocked, id=43016, stack(0x00000041e8b00000,0x00000041e8c00000)]
  0x000001f8de633710 JavaThread "Unconstrained build operations Thread 6" [_thread_blocked, id=40224, stack(0x00000041e8c00000,0x00000041e8d00000)]
  0x000001f8de6322d0 JavaThread "Unconstrained build operations Thread 7" [_thread_blocked, id=43696, stack(0x00000041e8d00000,0x00000041e8e00000)]
  0x000001f8de632cf0 JavaThread "Unconstrained build operations Thread 8" [_thread_blocked, id=31248, stack(0x00000041e8e00000,0x00000041e8f00000)]
  0x000001f8de633200 JavaThread "Unconstrained build operations Thread 9" [_thread_blocked, id=12980, stack(0x00000041e8f00000,0x00000041e9000000)]
  0x000001f8de635a80 JavaThread "Unconstrained build operations Thread 10" [_thread_blocked, id=30748, stack(0x00000041e9000000,0x00000041e9100000)]
  0x000001f8de633c20 JavaThread "Unconstrained build operations Thread 11" [_thread_blocked, id=42616, stack(0x00000041e9100000,0x00000041e9200000)]
  0x000001f8de634130 JavaThread "Unconstrained build operations Thread 12" [_thread_blocked, id=36624, stack(0x00000041e9200000,0x00000041e9300000)]
  0x000001f8de6313a0 JavaThread "Unconstrained build operations Thread 13" [_thread_blocked, id=43816, stack(0x00000041e9300000,0x00000041e9400000)]
  0x000001f8de6378e0 JavaThread "Unconstrained build operations Thread 14" [_thread_blocked, id=45004, stack(0x00000041e9600000,0x00000041e9700000)]
  0x000001f8de635f90 JavaThread "Unconstrained build operations Thread 15" [_thread_blocked, id=44092, stack(0x00000041e9700000,0x00000041e9800000)]
  0x000001f8de6364a0 JavaThread "Unconstrained build operations Thread 16" [_thread_blocked, id=12616, stack(0x00000041e9800000,0x00000041e9900000)]
  0x000001f8de6369b0 JavaThread "Unconstrained build operations Thread 17" [_thread_blocked, id=31416, stack(0x00000041e9900000,0x00000041e9a00000)]
  0x000001f8de630470 JavaThread "Unconstrained build operations Thread 18" [_thread_blocked, id=32216, stack(0x00000041e9a00000,0x00000041e9b00000)]
  0x000001f8de630980 JavaThread "Unconstrained build operations Thread 19" [_thread_blocked, id=4484, stack(0x00000041e9d00000,0x00000041e9e00000)]
  0x000001f8de630e90 JavaThread "Cache worker for Build Output Cleanup Cache (D:\User\Desktop\MOP\test_mod\.gradle\buildOutputCleanup)" [_thread_blocked, id=8236, stack(0x00000041e9e00000,0x00000041e9f00000)]
  0x000001f8de6318b0 JavaThread "Unconstrained build operations Thread 20" [_thread_blocked, id=17776, stack(0x00000041e9f00000,0x00000041ea000000)]
  0x000001f8de631dc0 JavaThread "Unconstrained build operations Thread 21" [_thread_blocked, id=22980, stack(0x00000041ea000000,0x00000041ea100000)]
  0x000001f8dfe32ed0 JavaThread "Unconstrained build operations Thread 22" [_thread_blocked, id=44376, stack(0x00000041ea100000,0x00000041ea200000)]
  0x000001f8dfe35c60 JavaThread "Unconstrained build operations Thread 23" [_thread_blocked, id=40816, stack(0x00000041ea200000,0x00000041ea300000)]
  0x000001f8dfe31580 JavaThread "Unconstrained build operations Thread 24" [_thread_blocked, id=42096, stack(0x00000041ea400000,0x00000041ea500000)]
  0x000001f8dfe34d30 JavaThread "Unconstrained build operations Thread 25" [_thread_blocked, id=2780, stack(0x00000041ea500000,0x00000041ea600000)]
  0x000001f8dfe36680 JavaThread "Unconstrained build operations Thread 26" [_thread_blocked, id=27112, stack(0x00000041ea600000,0x00000041ea700000)]
  0x000001f8dfe30140 JavaThread "Unconstrained build operations Thread 27" [_thread_blocked, id=44624, stack(0x00000041ea700000,0x00000041ea800000)]
  0x000001f8dfe30b60 JavaThread "Unconstrained build operations Thread 28" [_thread_blocked, id=44356, stack(0x00000041ea800000,0x00000041ea900000)]
  0x000001f8dfe333e0 JavaThread "Unconstrained build operations Thread 29" [_thread_blocked, id=44072, stack(0x00000041ea900000,0x00000041eaa00000)]
  0x000001f8dfe370a0 JavaThread "Unconstrained build operations Thread 30" [_thread_blocked, id=18520, stack(0x00000041eaa00000,0x00000041eab00000)]
  0x000001f8dfe338f0 JavaThread "Unconstrained build operations Thread 31" [_thread_blocked, id=10800, stack(0x00000041eab00000,0x00000041eac00000)]
  0x000001f8dfe30650 JavaThread "Unconstrained build operations Thread 32" [_thread_blocked, id=44732, stack(0x00000041eac00000,0x00000041ead00000)]
  0x000001f8dfe35240 JavaThread "Unconstrained build operations Thread 33" [_thread_blocked, id=43460, stack(0x00000041ead00000,0x00000041eae00000)]
  0x000001f8dfe31a90 JavaThread "Keep-Alive-Timer" daemon [_thread_blocked, id=26444, stack(0x00000041eae00000,0x00000041eaf00000)]

Other Threads:
=>0x000001f89550ff20 VMThread "VM Thread" [stack: 0x00000041e5b00000,0x00000041e5c00000] [id=7928]
  0x000001f8957582b0 WatcherThread [stack: 0x00000041e6800000,0x00000041e6900000] [id=41388]
  0x000001f8f49c6bd0 GCTaskThread "GC Thread#0" [stack: 0x00000041e5600000,0x00000041e5700000] [id=29752]
  0x000001f8db8b3bb0 GCTaskThread "GC Thread#1" [stack: 0x00000041e6a00000,0x00000041e6b00000] [id=40444]
  0x000001f8db53c550 GCTaskThread "GC Thread#2" [stack: 0x00000041e6b00000,0x00000041e6c00000] [id=9292]
  0x000001f8db83c810 GCTaskThread "GC Thread#3" [stack: 0x00000041e6c00000,0x00000041e6d00000] [id=46056]
  0x000001f8db83cad0 GCTaskThread "GC Thread#4" [stack: 0x00000041e6d00000,0x00000041e6e00000] [id=6864]
  0x000001f8db31f580 GCTaskThread "GC Thread#5" [stack: 0x00000041e6e00000,0x00000041e6f00000] [id=4412]
  0x000001f8dc70def0 GCTaskThread "GC Thread#6" [stack: 0x00000041e7d00000,0x00000041e7e00000] [id=10640]
  0x000001f8dc70d6b0 GCTaskThread "GC Thread#7" [stack: 0x00000041e7e00000,0x00000041e7f00000] [id=28812]
  0x000001f8f49d3b20 ConcurrentGCThread "G1 Main Marker" [stack: 0x00000041e5700000,0x00000041e5800000] [id=5004]
  0x000001f8f49d4ce0 ConcurrentGCThread "G1 Conc#0" [stack: 0x00000041e5800000,0x00000041e5900000] [id=35712]
  0x000001f8dc70d970 ConcurrentGCThread "G1 Conc#1" [stack: 0x00000041e7f00000,0x00000041e8000000] [id=40620]
  0x000001f8953d20d0 ConcurrentGCThread "G1 Refine#0" [stack: 0x00000041e5900000,0x00000041e5a00000] [id=42480]
  0x000001f8df72e4a0 ConcurrentGCThread "G1 Refine#1" [stack: 0x00000041e8800000,0x00000041e8900000] [id=21268]
  0x000001f895887bd0 ConcurrentGCThread "G1 Refine#2" [stack: 0x00000041e8900000,0x00000041e8a00000] [id=26824]
  0x000001f8de45add0 ConcurrentGCThread "G1 Refine#3" [stack: 0x00000041ede00000,0x00000041edf00000] [id=42680]
  0x000001f8de45b6a0 ConcurrentGCThread "G1 Refine#4" [stack: 0x00000041edf00000,0x00000041ee000000] [id=41600]
  0x000001f8de45c550 ConcurrentGCThread "G1 Refine#5" [stack: 0x00000041ee000000,0x00000041ee100000] [id=39784]
  0x000001f8de45c260 ConcurrentGCThread "G1 Refine#6" [stack: 0x00000041ee100000,0x00000041ee200000] [id=42532]
  0x000001f8de45a210 ConcurrentGCThread "G1 Refine#7" [stack: 0x00000041ef100000,0x00000041ef200000] [id=43876]
  0x000001f8953d2b00 ConcurrentGCThread "G1 Service" [stack: 0x00000041e5a00000,0x00000041e5b00000] [id=23672]

Threads with active compile tasks:
C2 CompilerThread0   141221 16489       4       java.lang.reflect.Field::<init> (50 bytes)
C1 CompilerThread0   141221 16493       3       com.google.gson.stream.JsonReader::beginArray (82 bytes)

VM state: at safepoint (normal execution)

VM Mutex/Monitor currently owned by a thread:  ([mutex/lock_event])
[0x000001f8f4968e30] Threads_lock - owner thread: 0x000001f89550ff20
[0x000001f8f49681d0] Heap_lock - owner thread: 0x000001f8dd07a570

Heap address: 0x0000000740000000, size: 3072 MB, Compressed Oops mode: Zero based, Oop shift amount: 3

CDS archive(s) mapped at: [0x000001f896000000-0x000001f896bb0000-0x000001f896bb0000), size 12255232, SharedBaseAddress: 0x000001f896000000, ArchiveRelocationMode: 1.
Compressed class space mapped at: 0x000001f897000000-0x000001f8d7000000, reserved size: 1073741824
Narrow klass base: 0x000001f896000000, Narrow klass shift: 0, Narrow klass range: 0x100000000

GC Precious Log:
 CPUs: 8 total, 8 available
 Memory: 16122M
 Large Page Support: Disabled
 NUMA Support: Disabled
 Compressed Oops: Enabled (Zero based)
 Heap Region Size: 2M
 Heap Min Capacity: 8M
 Heap Initial Capacity: 252M
 Heap Max Capacity: 3G
 Pre-touch: Disabled
 Parallel Workers: 8
 Concurrent Workers: 2
 Concurrent Refinement Workers: 8
 Periodic GC: Disabled

Heap:
 garbage-first heap   total 557056K, used 156157K [0x0000000740000000, 0x0000000800000000)
  region size 2048K, 3 young (6144K), 3 survivors (6144K)
 Metaspace       used 86189K, committed 87168K, reserved 1179648K
  class space    used 11672K, committed 12096K, reserved 1048576K

Heap Regions: E=young(eden), S=young(survivor), O=old, HS=humongous(starts), HC=humongous(continues), CS=collection set, F=free, OA=open archive, CA=closed archive, TAMS=top-at-mark-start (previous, next)
|   0|0x0000000740000000, 0x0000000740200000, 0x0000000740200000|100%|HS|  |TAMS 0x0000000740200000, 0x0000000740200000| Complete 
|   1|0x0000000740200000, 0x0000000740400000, 0x0000000740400000|100%|HC|  |TAMS 0x0000000740400000, 0x0000000740400000| Complete 
|   2|0x0000000740400000, 0x0000000740600000, 0x0000000740600000|100%| O|  |TAMS 0x0000000740600000, 0x0000000740600000| Untracked 
|   3|0x0000000740600000, 0x0000000740800000, 0x0000000740800000|100%| O|  |TAMS 0x0000000740800000, 0x0000000740800000| Untracked 
|   4|0x0000000740800000, 0x0000000740a00000, 0x0000000740a00000|100%| O|  |TAMS 0x0000000740a00000, 0x0000000740a00000| Untracked 
|   5|0x0000000740a00000, 0x0000000740c00000, 0x0000000740c00000|100%|HS|  |TAMS 0x0000000740c00000, 0x0000000740c00000| Complete 
|   6|0x0000000740c00000, 0x0000000740e00000, 0x0000000740e00000|100%| O|  |TAMS 0x0000000740e00000, 0x0000000740e00000| Untracked 
|   7|0x0000000740e00000, 0x0000000741000000, 0x0000000741000000|100%| O|  |TAMS 0x0000000741000000, 0x0000000741000000| Untracked 
|   8|0x0000000741000000, 0x0000000741200000, 0x0000000741200000|100%| O|  |TAMS 0x0000000741200000, 0x0000000741200000| Untracked 
|   9|0x0000000741200000, 0x0000000741400000, 0x0000000741400000|100%| O|  |TAMS 0x0000000741400000, 0x0000000741400000| Untracked 
|  10|0x0000000741400000, 0x0000000741600000, 0x0000000741600000|100%| O|  |TAMS 0x0000000741600000, 0x0000000741600000| Untracked 
|  11|0x0000000741600000, 0x0000000741800000, 0x0000000741800000|100%| O|  |TAMS 0x0000000741800000, 0x0000000741800000| Untracked 
|  12|0x0000000741800000, 0x0000000741a00000, 0x0000000741a00000|100%| O|  |TAMS 0x0000000741a00000, 0x0000000741a00000| Untracked 
|  13|0x0000000741a00000, 0x0000000741c00000, 0x0000000741c00000|100%| O|  |TAMS 0x0000000741c00000, 0x0000000741c00000| Untracked 
|  14|0x0000000741c00000, 0x0000000741e00000, 0x0000000741e00000|100%|HS|  |TAMS 0x0000000741e00000, 0x0000000741e00000| Complete 
|  15|0x0000000741e00000, 0x0000000742000000, 0x0000000742000000|100%| O|  |TAMS 0x0000000742000000, 0x0000000742000000| Untracked 
|  16|0x0000000742000000, 0x0000000742200000, 0x0000000742200000|100%| O|  |TAMS 0x0000000742200000, 0x0000000742200000| Untracked 
|  17|0x0000000742200000, 0x0000000742400000, 0x0000000742400000|100%| O|  |TAMS 0x0000000742400000, 0x0000000742400000| Untracked 
|  18|0x0000000742400000, 0x0000000742600000, 0x0000000742600000|100%| O|  |TAMS 0x0000000742600000, 0x0000000742600000| Untracked 
|  19|0x0000000742600000, 0x0000000742800000, 0x0000000742800000|100%| O|  |TAMS 0x0000000742800000, 0x0000000742800000| Untracked 
|  20|0x0000000742800000, 0x0000000742a00000, 0x0000000742a00000|100%| O|  |TAMS 0x0000000742a00000, 0x0000000742a00000| Untracked 
|  21|0x0000000742a00000, 0x0000000742c00000, 0x0000000742c00000|100%| O|  |TAMS 0x0000000742c00000, 0x0000000742c00000| Untracked 
|  22|0x0000000742c00000, 0x0000000742e00000, 0x0000000742e00000|100%| O|  |TAMS 0x0000000742e00000, 0x0000000742e00000| Untracked 
|  23|0x0000000742e00000, 0x0000000743000000, 0x0000000743000000|100%| O|  |TAMS 0x0000000743000000, 0x0000000743000000| Untracked 
|  24|0x0000000743000000, 0x0000000743200000, 0x0000000743200000|100%| O|  |TAMS 0x0000000743200000, 0x0000000743200000| Untracked 
|  25|0x0000000743200000, 0x0000000743400000, 0x0000000743400000|100%| O|  |TAMS 0x0000000743400000, 0x0000000743400000| Untracked 
|  26|0x0000000743400000, 0x0000000743600000, 0x0000000743600000|100%| O|  |TAMS 0x0000000743600000, 0x0000000743600000| Untracked 
|  27|0x0000000743600000, 0x0000000743600000, 0x0000000743800000|  0%| F|  |TAMS 0x0000000743600000, 0x0000000743600000| Untracked 
|  28|0x0000000743800000, 0x0000000743a00000, 0x0000000743a00000|100%| O|  |TAMS 0x0000000743a00000, 0x0000000743a00000| Untracked 
|  29|0x0000000743a00000, 0x0000000743c00000, 0x0000000743c00000|100%| O|  |TAMS 0x0000000743c00000, 0x0000000743c00000| Untracked 
|  30|0x0000000743c00000, 0x0000000743e00000, 0x0000000743e00000|100%| O|  |TAMS 0x0000000743e00000, 0x0000000743e00000| Untracked 
|  31|0x0000000743e00000, 0x0000000744000000, 0x0000000744000000|100%| O|  |TAMS 0x0000000744000000, 0x0000000744000000| Untracked 
|  32|0x0000000744000000, 0x0000000744200000, 0x0000000744200000|100%| O|  |TAMS 0x0000000744200000, 0x0000000744200000| Untracked 
|  33|0x0000000744200000, 0x0000000744200000, 0x0000000744400000|  0%| F|  |TAMS 0x0000000744200000, 0x0000000744200000| Untracked 
|  34|0x0000000744400000, 0x0000000744600000, 0x0000000744600000|100%| O|  |TAMS 0x0000000744600000, 0x0000000744600000| Untracked 
|  35|0x0000000744600000, 0x0000000744800000, 0x0000000744800000|100%| O|  |TAMS 0x0000000744600000, 0x0000000744800000| Untracked 
|  36|0x0000000744800000, 0x0000000744a00000, 0x0000000744a00000|100%| O|  |TAMS 0x0000000744800000, 0x0000000744a00000| Untracked 
|  37|0x0000000744a00000, 0x0000000744c00000, 0x0000000744c00000|100%| O|  |TAMS 0x0000000744c00000, 0x0000000744c00000| Untracked 
|  38|0x0000000744c00000, 0x0000000744e00000, 0x0000000744e00000|100%| O|  |TAMS 0x0000000744e00000, 0x0000000744e00000| Untracked 
|  39|0x0000000744e00000, 0x0000000745000000, 0x0000000745000000|100%| O|  |TAMS 0x0000000745000000, 0x0000000745000000| Untracked 
|  40|0x0000000745000000, 0x0000000745200000, 0x0000000745200000|100%| O|  |TAMS 0x0000000745200000, 0x0000000745200000| Untracked 
|  41|0x0000000745200000, 0x0000000745400000, 0x0000000745400000|100%| O|  |TAMS 0x0000000745200000, 0x0000000745400000| Untracked 
|  42|0x0000000745400000, 0x0000000745600000, 0x0000000745600000|100%| O|  |TAMS 0x0000000745600000, 0x0000000745600000| Untracked 
|  43|0x0000000745600000, 0x0000000745800000, 0x0000000745800000|100%| O|  |TAMS 0x0000000745800000, 0x0000000745800000| Untracked 
|  44|0x0000000745800000, 0x0000000745800000, 0x0000000745a00000|  0%| F|  |TAMS 0x0000000745800000, 0x0000000745800000| Untracked 
|  45|0x0000000745a00000, 0x0000000745c00000, 0x0000000745c00000|100%|HS|  |TAMS 0x0000000745c00000, 0x0000000745c00000| Complete 
|  46|0x0000000745c00000, 0x0000000745e00000, 0x0000000745e00000|100%| O|  |TAMS 0x0000000745e00000, 0x0000000745e00000| Untracked 
|  47|0x0000000745e00000, 0x0000000746000000, 0x0000000746000000|100%| O|  |TAMS 0x0000000746000000, 0x0000000746000000| Untracked 
|  48|0x0000000746000000, 0x0000000746000000, 0x0000000746200000|  0%| F|  |TAMS 0x0000000746000000, 0x0000000746000000| Untracked 
|  49|0x0000000746200000, 0x0000000746200000, 0x0000000746400000|  0%| F|  |TAMS 0x0000000746200000, 0x0000000746200000| Untracked 
|  50|0x0000000746400000, 0x0000000746400000, 0x0000000746600000|  0%| F|  |TAMS 0x0000000746400000, 0x0000000746400000| Untracked 
|  51|0x0000000746600000, 0x0000000746800000, 0x0000000746800000|100%| O|  |TAMS 0x0000000746800000, 0x0000000746800000| Untracked 
|  52|0x0000000746800000, 0x0000000746a00000, 0x0000000746a00000|100%| O|  |TAMS 0x0000000746a00000, 0x0000000746a00000| Untracked 
|  53|0x0000000746a00000, 0x0000000746c00000, 0x0000000746c00000|100%| O|  |TAMS 0x0000000746a00000, 0x0000000746c00000| Untracked 
|  54|0x0000000746c00000, 0x0000000746e00000, 0x0000000746e00000|100%| O|  |TAMS 0x0000000746e00000, 0x0000000746e00000| Untracked 
|  55|0x0000000746e00000, 0x0000000747000000, 0x0000000747000000|100%| O|  |TAMS 0x0000000747000000, 0x0000000747000000| Untracked 
|  56|0x0000000747000000, 0x0000000747000000, 0x0000000747200000|  0%| F|  |TAMS 0x0000000747000000, 0x0000000747000000| Untracked 
|  57|0x0000000747200000, 0x0000000747400000, 0x0000000747400000|100%| O|  |TAMS 0x00000007472b9c00, 0x0000000747400000| Untracked 
|  58|0x0000000747400000, 0x0000000747600000, 0x0000000747600000|100%| O|  |TAMS 0x0000000747600000, 0x0000000747600000| Untracked 
|  59|0x0000000747600000, 0x0000000747800000, 0x0000000747800000|100%| O|  |TAMS 0x0000000747800000, 0x0000000747800000| Untracked 
|  60|0x0000000747800000, 0x0000000747a00000, 0x0000000747a00000|100%| O|  |TAMS 0x0000000747a00000, 0x0000000747a00000| Untracked 
|  61|0x0000000747a00000, 0x0000000747c00000, 0x0000000747c00000|100%| O|  |TAMS 0x0000000747c00000, 0x0000000747c00000| Untracked 
|  62|0x0000000747c00000, 0x0000000747e00000, 0x0000000747e00000|100%| O|  |TAMS 0x0000000747e00000, 0x0000000747e00000| Untracked 
|  63|0x0000000747e00000, 0x0000000748000000, 0x0000000748000000|100%| O|  |TAMS 0x0000000748000000, 0x0000000748000000| Untracked 
|  64|0x0000000748000000, 0x0000000748000000, 0x0000000748200000|  0%| F|  |TAMS 0x0000000748000000, 0x0000000748000000| Untracked 
|  65|0x0000000748200000, 0x0000000748400000, 0x0000000748400000|100%| O|  |TAMS 0x0000000748400000, 0x0000000748400000| Untracked 
|  66|0x0000000748400000, 0x0000000748600000, 0x0000000748600000|100%| O|  |TAMS 0x0000000748400000, 0x0000000748600000| Untracked 
|  67|0x0000000748600000, 0x0000000748800000, 0x0000000748800000|100%| O|  |TAMS 0x0000000748600000, 0x0000000748800000| Untracked 
|  68|0x0000000748800000, 0x0000000748a00000, 0x0000000748a00000|100%| O|  |TAMS 0x0000000748800000, 0x0000000748a00000| Untracked 
|  69|0x0000000748a00000, 0x0000000748c00000, 0x0000000748c00000|100%| O|  |TAMS 0x0000000748a00000, 0x0000000748c00000| Untracked 
|  70|0x0000000748c00000, 0x0000000748e00000, 0x0000000748e00000|100%| O|  |TAMS 0x0000000748c00000, 0x0000000748e00000| Untracked 
|  71|0x0000000748e00000, 0x0000000748e51400, 0x0000000749000000| 15%| O|  |TAMS 0x0000000748e00000, 0x0000000748e51400| Untracked 
|  72|0x0000000749000000, 0x0000000749000000, 0x0000000749200000|  0%| F|  |TAMS 0x0000000749000000, 0x0000000749000000| Untracked 
|  73|0x0000000749200000, 0x0000000749200000, 0x0000000749400000|  0%| F|  |TAMS 0x0000000749200000, 0x0000000749200000| Untracked 
|  74|0x0000000749400000, 0x0000000749400000, 0x0000000749600000|  0%| F|  |TAMS 0x0000000749400000, 0x0000000749400000| Untracked 
|  75|0x0000000749600000, 0x0000000749600000, 0x0000000749800000|  0%| F|  |TAMS 0x0000000749600000, 0x0000000749600000| Untracked 
|  76|0x0000000749800000, 0x0000000749800000, 0x0000000749a00000|  0%| F|  |TAMS 0x0000000749800000, 0x0000000749800000| Untracked 
|  77|0x0000000749a00000, 0x0000000749a00000, 0x0000000749c00000|  0%| F|  |TAMS 0x0000000749a00000, 0x0000000749a00000| Untracked 
|  78|0x0000000749c00000, 0x0000000749c00000, 0x0000000749e00000|  0%| F|  |TAMS 0x0000000749c00000, 0x0000000749c00000| Untracked 
|  79|0x0000000749e00000, 0x0000000749e00000, 0x000000074a000000|  0%| F|  |TAMS 0x0000000749e00000, 0x0000000749e00000| Untracked 
|  80|0x000000074a000000, 0x000000074a000000, 0x000000074a200000|  0%| F|  |TAMS 0x000000074a000000, 0x000000074a000000| Untracked 
|  81|0x000000074a200000, 0x000000074a200000, 0x000000074a400000|  0%| F|  |TAMS 0x000000074a200000, 0x000000074a200000| Untracked 
|  82|0x000000074a400000, 0x000000074a400000, 0x000000074a600000|  0%| F|  |TAMS 0x000000074a400000, 0x000000074a400000| Untracked 
|  83|0x000000074a600000, 0x000000074a600000, 0x000000074a800000|  0%| F|  |TAMS 0x000000074a600000, 0x000000074a600000| Untracked 
|  84|0x000000074a800000, 0x000000074aa00000, 0x000000074aa00000|100%| O|  |TAMS 0x000000074aa00000, 0x000000074aa00000| Untracked 
|  85|0x000000074aa00000, 0x000000074ac00000, 0x000000074ac00000|100%| O|  |TAMS 0x000000074ac00000, 0x000000074ac00000| Untracked 
|  86|0x000000074ac00000, 0x000000074ae00000, 0x000000074ae00000|100%| O|  |TAMS 0x000000074ae00000, 0x000000074ae00000| Untracked 
|  87|0x000000074ae00000, 0x000000074b000000, 0x000000074b000000|100%| O|  |TAMS 0x000000074b000000, 0x000000074b000000| Untracked 
|  88|0x000000074b000000, 0x000000074b200000, 0x000000074b200000|100%| O|  |TAMS 0x000000074b200000, 0x000000074b200000| Untracked 
|  89|0x000000074b200000, 0x000000074b400000, 0x000000074b400000|100%| O|  |TAMS 0x000000074b400000, 0x000000074b400000| Untracked 
|  90|0x000000074b400000, 0x000000074b600000, 0x000000074b600000|100%| O|  |TAMS 0x000000074b600000, 0x000000074b600000| Untracked 
|  91|0x000000074b600000, 0x000000074b800000, 0x000000074b800000|100%| O|  |TAMS 0x000000074b800000, 0x000000074b800000| Untracked 
|  92|0x000000074b800000, 0x000000074ba00000, 0x000000074ba00000|100%| O|  |TAMS 0x000000074ba00000, 0x000000074ba00000| Untracked 
|  93|0x000000074ba00000, 0x000000074ba00000, 0x000000074bc00000|  0%| F|  |TAMS 0x000000074ba00000, 0x000000074ba00000| Untracked 
|  94|0x000000074bc00000, 0x000000074bc00000, 0x000000074be00000|  0%| F|  |TAMS 0x000000074bc00000, 0x000000074bc00000| Untracked 
|  95|0x000000074be00000, 0x000000074be00000, 0x000000074c000000|  0%| F|  |TAMS 0x000000074be00000, 0x000000074be00000| Untracked 
|  96|0x000000074c000000, 0x000000074c000000, 0x000000074c200000|  0%| F|  |TAMS 0x000000074c000000, 0x000000074c000000| Untracked 
|  97|0x000000074c200000, 0x000000074c200000, 0x000000074c400000|  0%| F|  |TAMS 0x000000074c200000, 0x000000074c200000| Untracked 
|  98|0x000000074c400000, 0x000000074c400000, 0x000000074c600000|  0%| F|  |TAMS 0x000000074c400000, 0x000000074c400000| Untracked 
|  99|0x000000074c600000, 0x000000074c600000, 0x000000074c800000|  0%| F|  |TAMS 0x000000074c600000, 0x000000074c600000| Untracked 
| 100|0x000000074c800000, 0x000000074c800000, 0x000000074ca00000|  0%| F|  |TAMS 0x000000074c800000, 0x000000074c800000| Untracked 
| 101|0x000000074ca00000, 0x000000074ca00000, 0x000000074cc00000|  0%| F|  |TAMS 0x000000074ca00000, 0x000000074ca00000| Untracked 
| 102|0x000000074cc00000, 0x000000074cc00000, 0x000000074ce00000|  0%| F|  |TAMS 0x000000074cc00000, 0x000000074cc00000| Untracked 
| 103|0x000000074ce00000, 0x000000074ce00000, 0x000000074d000000|  0%| F|  |TAMS 0x000000074ce00000, 0x000000074ce00000| Untracked 
| 104|0x000000074d000000, 0x000000074d000000, 0x000000074d200000|  0%| F|  |TAMS 0x000000074d000000, 0x000000074d000000| Untracked 
| 105|0x000000074d200000, 0x000000074d200000, 0x000000074d400000|  0%| F|  |TAMS 0x000000074d200000, 0x000000074d200000| Untracked 
| 106|0x000000074d400000, 0x000000074d400000, 0x000000074d600000|  0%| F|  |TAMS 0x000000074d400000, 0x000000074d400000| Untracked 
| 107|0x000000074d600000, 0x000000074d600000, 0x000000074d800000|  0%| F|  |TAMS 0x000000074d600000, 0x000000074d600000| Untracked 
| 108|0x000000074d800000, 0x000000074d800000, 0x000000074da00000|  0%| F|  |TAMS 0x000000074d800000, 0x000000074d800000| Untracked 
| 109|0x000000074da00000, 0x000000074da00000, 0x000000074dc00000|  0%| F|  |TAMS 0x000000074da00000, 0x000000074da00000| Untracked 
| 110|0x000000074dc00000, 0x000000074dc00000, 0x000000074de00000|  0%| F|  |TAMS 0x000000074dc00000, 0x000000074dc00000| Untracked 
| 111|0x000000074de00000, 0x000000074de00000, 0x000000074e000000|  0%| F|  |TAMS 0x000000074de00000, 0x000000074de00000| Untracked 
| 112|0x000000074e000000, 0x000000074e000000, 0x000000074e200000|  0%| F|  |TAMS 0x000000074e000000, 0x000000074e000000| Untracked 
| 113|0x000000074e200000, 0x000000074e200000, 0x000000074e400000|  0%| F|  |TAMS 0x000000074e200000, 0x000000074e200000| Untracked 
| 114|0x000000074e400000, 0x000000074e400000, 0x000000074e600000|  0%| F|  |TAMS 0x000000074e400000, 0x000000074e400000| Untracked 
| 115|0x000000074e600000, 0x000000074e600000, 0x000000074e800000|  0%| F|  |TAMS 0x000000074e600000, 0x000000074e600000| Untracked 
| 116|0x000000074e800000, 0x000000074e800000, 0x000000074ea00000|  0%| F|  |TAMS 0x000000074e800000, 0x000000074e800000| Untracked 
| 117|0x000000074ea00000, 0x000000074ea00000, 0x000000074ec00000|  0%| F|  |TAMS 0x000000074ea00000, 0x000000074ea00000| Untracked 
| 118|0x000000074ec00000, 0x000000074ec00000, 0x000000074ee00000|  0%| F|  |TAMS 0x000000074ec00000, 0x000000074ec00000| Untracked 
| 119|0x000000074ee00000, 0x000000074ee00000, 0x000000074f000000|  0%| F|  |TAMS 0x000000074ee00000, 0x000000074ee00000| Untracked 
| 120|0x000000074f000000, 0x000000074f000000, 0x000000074f200000|  0%| F|  |TAMS 0x000000074f000000, 0x000000074f000000| Untracked 
| 121|0x000000074f200000, 0x000000074f200000, 0x000000074f400000|  0%| F|  |TAMS 0x000000074f200000, 0x000000074f200000| Untracked 
| 122|0x000000074f400000, 0x000000074f400000, 0x000000074f600000|  0%| F|  |TAMS 0x000000074f400000, 0x000000074f400000| Untracked 
| 123|0x000000074f600000, 0x000000074f600000, 0x000000074f800000|  0%| F|  |TAMS 0x000000074f600000, 0x000000074f600000| Untracked 
| 124|0x000000074f800000, 0x000000074f800000, 0x000000074fa00000|  0%| F|  |TAMS 0x000000074f800000, 0x000000074f800000| Untracked 
| 125|0x000000074fa00000, 0x000000074fa00000, 0x000000074fc00000|  0%| F|  |TAMS 0x000000074fa00000, 0x000000074fa00000| Untracked 
| 126|0x000000074fc00000, 0x000000074fc00000, 0x000000074fe00000|  0%| F|  |TAMS 0x000000074fc00000, 0x000000074fc00000| Untracked 
| 127|0x000000074fe00000, 0x000000074fe00000, 0x0000000750000000|  0%| F|  |TAMS 0x000000074fe00000, 0x000000074fe00000| Untracked 
| 128|0x0000000750000000, 0x0000000750000000, 0x0000000750200000|  0%| F|  |TAMS 0x0000000750000000, 0x0000000750000000| Untracked 
| 129|0x0000000750200000, 0x0000000750200000, 0x0000000750400000|  0%| F|  |TAMS 0x0000000750200000, 0x0000000750200000| Untracked 
| 130|0x0000000750400000, 0x0000000750400000, 0x0000000750600000|  0%| F|  |TAMS 0x0000000750400000, 0x0000000750400000| Untracked 
| 131|0x0000000750600000, 0x0000000750600000, 0x0000000750800000|  0%| F|  |TAMS 0x0000000750600000, 0x0000000750600000| Untracked 
| 132|0x0000000750800000, 0x0000000750800000, 0x0000000750a00000|  0%| F|  |TAMS 0x0000000750800000, 0x0000000750800000| Untracked 
| 133|0x0000000750a00000, 0x0000000750a00000, 0x0000000750c00000|  0%| F|  |TAMS 0x0000000750a00000, 0x0000000750a00000| Untracked 
| 134|0x0000000750c00000, 0x0000000750c00000, 0x0000000750e00000|  0%| F|  |TAMS 0x0000000750c00000, 0x0000000750c00000| Untracked 
| 135|0x0000000750e00000, 0x0000000750e00000, 0x0000000751000000|  0%| F|  |TAMS 0x0000000750e00000, 0x0000000750e00000| Untracked 
| 136|0x0000000751000000, 0x0000000751000000, 0x0000000751200000|  0%| F|  |TAMS 0x0000000751000000, 0x0000000751000000| Untracked 
| 137|0x0000000751200000, 0x0000000751200000, 0x0000000751400000|  0%| F|  |TAMS 0x0000000751200000, 0x0000000751200000| Untracked 
| 138|0x0000000751400000, 0x0000000751400000, 0x0000000751600000|  0%| F|  |TAMS 0x0000000751400000, 0x0000000751400000| Untracked 
| 139|0x0000000751600000, 0x0000000751600000, 0x0000000751800000|  0%| F|  |TAMS 0x0000000751600000, 0x0000000751600000| Untracked 
| 140|0x0000000751800000, 0x0000000751800000, 0x0000000751a00000|  0%| F|  |TAMS 0x0000000751800000, 0x0000000751800000| Untracked 
| 141|0x0000000751a00000, 0x0000000751a00000, 0x0000000751c00000|  0%| F|  |TAMS 0x0000000751a00000, 0x0000000751a00000| Untracked 
| 142|0x0000000751c00000, 0x0000000751c00000, 0x0000000751e00000|  0%| F|  |TAMS 0x0000000751c00000, 0x0000000751c00000| Untracked 
| 143|0x0000000751e00000, 0x0000000751e00000, 0x0000000752000000|  0%| F|  |TAMS 0x0000000751e00000, 0x0000000751e00000| Untracked 
| 144|0x0000000752000000, 0x0000000752000000, 0x0000000752200000|  0%| F|  |TAMS 0x0000000752000000, 0x0000000752000000| Untracked 
| 145|0x0000000752200000, 0x0000000752200000, 0x0000000752400000|  0%| F|  |TAMS 0x0000000752200000, 0x0000000752200000| Untracked 
| 146|0x0000000752400000, 0x0000000752400000, 0x0000000752600000|  0%| F|  |TAMS 0x0000000752400000, 0x0000000752400000| Untracked 
| 147|0x0000000752600000, 0x0000000752800000, 0x0000000752800000|100%| O|  |TAMS 0x0000000752800000, 0x0000000752800000| Untracked 
| 148|0x0000000752800000, 0x0000000752800000, 0x0000000752a00000|  0%| F|  |TAMS 0x0000000752800000, 0x0000000752800000| Untracked 
| 149|0x0000000752a00000, 0x0000000752c00000, 0x0000000752c00000|100%| O|  |TAMS 0x0000000752c00000, 0x0000000752c00000| Untracked 
| 150|0x0000000752c00000, 0x0000000752c00000, 0x0000000752e00000|  0%| F|  |TAMS 0x0000000752c00000, 0x0000000752c00000| Untracked 
| 151|0x0000000752e00000, 0x0000000752e00000, 0x0000000753000000|  0%| F|  |TAMS 0x0000000752e00000, 0x0000000752e00000| Untracked 
| 152|0x0000000753000000, 0x0000000753000000, 0x0000000753200000|  0%| F|  |TAMS 0x0000000753000000, 0x0000000753000000| Untracked 
| 153|0x0000000753200000, 0x0000000753200000, 0x0000000753400000|  0%| F|  |TAMS 0x0000000753200000, 0x0000000753200000| Untracked 
| 154|0x0000000753400000, 0x0000000753400000, 0x0000000753600000|  0%| F|  |TAMS 0x0000000753400000, 0x0000000753400000| Untracked 
| 155|0x0000000753600000, 0x0000000753600000, 0x0000000753800000|  0%| F|  |TAMS 0x0000000753600000, 0x0000000753600000| Untracked 
| 156|0x0000000753800000, 0x0000000753800000, 0x0000000753a00000|  0%| F|  |TAMS 0x0000000753800000, 0x0000000753800000| Untracked 
| 157|0x0000000753a00000, 0x0000000753a00000, 0x0000000753c00000|  0%| F|  |TAMS 0x0000000753a00000, 0x0000000753a00000| Untracked 
| 158|0x0000000753c00000, 0x0000000753c00000, 0x0000000753e00000|  0%| F|  |TAMS 0x0000000753c00000, 0x0000000753c00000| Untracked 
| 159|0x0000000753e00000, 0x0000000753e00000, 0x0000000754000000|  0%| F|  |TAMS 0x0000000753e00000, 0x0000000753e00000| Untracked 
| 160|0x0000000754000000, 0x0000000754000000, 0x0000000754200000|  0%| F|  |TAMS 0x0000000754000000, 0x0000000754000000| Untracked 
| 161|0x0000000754200000, 0x0000000754200000, 0x0000000754400000|  0%| F|  |TAMS 0x0000000754200000, 0x0000000754200000| Untracked 
| 162|0x0000000754400000, 0x0000000754400000, 0x0000000754600000|  0%| F|  |TAMS 0x0000000754400000, 0x0000000754400000| Untracked 
| 163|0x0000000754600000, 0x0000000754600000, 0x0000000754800000|  0%| F|  |TAMS 0x0000000754600000, 0x0000000754600000| Untracked 
| 164|0x0000000754800000, 0x0000000754800000, 0x0000000754a00000|  0%| F|  |TAMS 0x0000000754800000, 0x0000000754800000| Untracked 
| 165|0x0000000754a00000, 0x0000000754a00000, 0x0000000754c00000|  0%| F|  |TAMS 0x0000000754a00000, 0x0000000754a00000| Untracked 
| 166|0x0000000754c00000, 0x0000000754c00000, 0x0000000754e00000|  0%| F|  |TAMS 0x0000000754c00000, 0x0000000754c00000| Untracked 
| 167|0x0000000754e00000, 0x0000000754e00000, 0x0000000755000000|  0%| F|  |TAMS 0x0000000754e00000, 0x0000000754e00000| Untracked 
| 168|0x0000000755000000, 0x0000000755000000, 0x0000000755200000|  0%| F|  |TAMS 0x0000000755000000, 0x0000000755000000| Untracked 
| 169|0x0000000755200000, 0x0000000755200000, 0x0000000755400000|  0%| F|  |TAMS 0x0000000755200000, 0x0000000755200000| Untracked 
| 170|0x0000000755400000, 0x0000000755400000, 0x0000000755600000|  0%| F|  |TAMS 0x0000000755400000, 0x0000000755400000| Untracked 
| 171|0x0000000755600000, 0x0000000755600000, 0x0000000755800000|  0%| F|  |TAMS 0x0000000755600000, 0x0000000755600000| Untracked 
| 172|0x0000000755800000, 0x0000000755800000, 0x0000000755a00000|  0%| F|  |TAMS 0x0000000755800000, 0x0000000755800000| Untracked 
| 173|0x0000000755a00000, 0x0000000755a00000, 0x0000000755c00000|  0%| F|  |TAMS 0x0000000755a00000, 0x0000000755a00000| Untracked 
| 174|0x0000000755c00000, 0x0000000755c00000, 0x0000000755e00000|  0%| F|  |TAMS 0x0000000755c00000, 0x0000000755c00000| Untracked 
| 175|0x0000000755e00000, 0x0000000755e00000, 0x0000000756000000|  0%| F|  |TAMS 0x0000000755e00000, 0x0000000755e00000| Untracked 
| 176|0x0000000756000000, 0x0000000756000000, 0x0000000756200000|  0%| F|  |TAMS 0x0000000756000000, 0x0000000756000000| Untracked 
| 177|0x0000000756200000, 0x0000000756200000, 0x0000000756400000|  0%| F|  |TAMS 0x0000000756200000, 0x0000000756200000| Untracked 
| 178|0x0000000756400000, 0x0000000756400000, 0x0000000756600000|  0%| F|  |TAMS 0x0000000756400000, 0x0000000756400000| Untracked 
| 179|0x0000000756600000, 0x0000000756600000, 0x0000000756800000|  0%| F|  |TAMS 0x0000000756600000, 0x0000000756600000| Untracked 
| 180|0x0000000756800000, 0x0000000756800000, 0x0000000756a00000|  0%| F|  |TAMS 0x0000000756800000, 0x0000000756800000| Untracked 
| 181|0x0000000756a00000, 0x0000000756a00000, 0x0000000756c00000|  0%| F|  |TAMS 0x0000000756a00000, 0x0000000756a00000| Untracked 
| 182|0x0000000756c00000, 0x0000000756c00000, 0x0000000756e00000|  0%| F|  |TAMS 0x0000000756c00000, 0x0000000756c00000| Untracked 
| 183|0x0000000756e00000, 0x0000000756e00000, 0x0000000757000000|  0%| F|  |TAMS 0x0000000756e00000, 0x0000000756e00000| Untracked 
| 184|0x0000000757000000, 0x0000000757000000, 0x0000000757200000|  0%| F|  |TAMS 0x0000000757000000, 0x0000000757000000| Untracked 
| 185|0x0000000757200000, 0x0000000757200000, 0x0000000757400000|  0%| F|  |TAMS 0x0000000757200000, 0x0000000757200000| Untracked 
| 186|0x0000000757400000, 0x0000000757400000, 0x0000000757600000|  0%| F|  |TAMS 0x0000000757400000, 0x0000000757400000| Untracked 
| 187|0x0000000757600000, 0x0000000757600000, 0x0000000757800000|  0%| F|  |TAMS 0x0000000757600000, 0x0000000757600000| Untracked 
| 188|0x0000000757800000, 0x0000000757800000, 0x0000000757a00000|  0%| F|  |TAMS 0x0000000757800000, 0x0000000757800000| Untracked 
| 189|0x0000000757a00000, 0x0000000757a00000, 0x0000000757c00000|  0%| F|  |TAMS 0x0000000757a00000, 0x0000000757a00000| Untracked 
| 190|0x0000000757c00000, 0x0000000757c00000, 0x0000000757e00000|  0%| F|  |TAMS 0x0000000757c00000, 0x0000000757c00000| Untracked 
| 191|0x0000000757e00000, 0x0000000757e00000, 0x0000000758000000|  0%| F|  |TAMS 0x0000000757e00000, 0x0000000757e00000| Untracked 
| 192|0x0000000758000000, 0x0000000758000000, 0x0000000758200000|  0%| F|  |TAMS 0x0000000758000000, 0x0000000758000000| Untracked 
| 193|0x0000000758200000, 0x0000000758200000, 0x0000000758400000|  0%| F|  |TAMS 0x0000000758200000, 0x0000000758200000| Untracked 
| 194|0x0000000758400000, 0x0000000758400000, 0x0000000758600000|  0%| F|  |TAMS 0x0000000758400000, 0x0000000758400000| Untracked 
| 195|0x0000000758600000, 0x0000000758600000, 0x0000000758800000|  0%| F|  |TAMS 0x0000000758600000, 0x0000000758600000| Untracked 
| 196|0x0000000758800000, 0x0000000758800000, 0x0000000758a00000|  0%| F|  |TAMS 0x0000000758800000, 0x0000000758800000| Untracked 
| 197|0x0000000758a00000, 0x0000000758a00000, 0x0000000758c00000|  0%| F|  |TAMS 0x0000000758a00000, 0x0000000758a00000| Untracked 
| 198|0x0000000758c00000, 0x0000000758c00000, 0x0000000758e00000|  0%| F|  |TAMS 0x0000000758c00000, 0x0000000758c00000| Untracked 
| 199|0x0000000758e00000, 0x0000000758e00000, 0x0000000759000000|  0%| F|  |TAMS 0x0000000758e00000, 0x0000000758e00000| Untracked 
| 200|0x0000000759000000, 0x0000000759000000, 0x0000000759200000|  0%| F|  |TAMS 0x0000000759000000, 0x0000000759000000| Untracked 
| 201|0x0000000759200000, 0x0000000759200000, 0x0000000759400000|  0%| F|  |TAMS 0x0000000759200000, 0x0000000759200000| Untracked 
| 202|0x0000000759400000, 0x0000000759400000, 0x0000000759600000|  0%| F|  |TAMS 0x0000000759400000, 0x0000000759400000| Untracked 
| 203|0x0000000759600000, 0x0000000759600000, 0x0000000759800000|  0%| F|  |TAMS 0x0000000759600000, 0x0000000759600000| Untracked 
| 204|0x0000000759800000, 0x0000000759800000, 0x0000000759a00000|  0%| F|  |TAMS 0x0000000759800000, 0x0000000759800000| Untracked 
| 205|0x0000000759a00000, 0x0000000759a00000, 0x0000000759c00000|  0%| F|  |TAMS 0x0000000759a00000, 0x0000000759a00000| Untracked 
| 206|0x0000000759c00000, 0x0000000759c00000, 0x0000000759e00000|  0%| F|  |TAMS 0x0000000759c00000, 0x0000000759c00000| Untracked 
| 207|0x0000000759e00000, 0x0000000759e00000, 0x000000075a000000|  0%| F|  |TAMS 0x0000000759e00000, 0x0000000759e00000| Untracked 
| 208|0x000000075a000000, 0x000000075a000000, 0x000000075a200000|  0%| F|  |TAMS 0x000000075a000000, 0x000000075a000000| Untracked 
| 209|0x000000075a200000, 0x000000075a200000, 0x000000075a400000|  0%| F|  |TAMS 0x000000075a200000, 0x000000075a200000| Untracked 
| 210|0x000000075a400000, 0x000000075a400000, 0x000000075a600000|  0%| F|  |TAMS 0x000000075a400000, 0x000000075a400000| Untracked 
| 211|0x000000075a600000, 0x000000075a600000, 0x000000075a800000|  0%| F|  |TAMS 0x000000075a600000, 0x000000075a600000| Untracked 
| 212|0x000000075a800000, 0x000000075a800000, 0x000000075aa00000|  0%| F|  |TAMS 0x000000075a800000, 0x000000075a800000| Untracked 
| 213|0x000000075aa00000, 0x000000075aa00000, 0x000000075ac00000|  0%| F|  |TAMS 0x000000075aa00000, 0x000000075aa00000| Untracked 
| 214|0x000000075ac00000, 0x000000075ac00000, 0x000000075ae00000|  0%| F|  |TAMS 0x000000075ac00000, 0x000000075ac00000| Untracked 
| 215|0x000000075ae00000, 0x000000075ae00000, 0x000000075b000000|  0%| F|  |TAMS 0x000000075ae00000, 0x000000075ae00000| Untracked 
| 216|0x000000075b000000, 0x000000075b000000, 0x000000075b200000|  0%| F|  |TAMS 0x000000075b000000, 0x000000075b000000| Untracked 
| 217|0x000000075b200000, 0x000000075b200000, 0x000000075b400000|  0%| F|  |TAMS 0x000000075b200000, 0x000000075b200000| Untracked 
| 218|0x000000075b400000, 0x000000075b400000, 0x000000075b600000|  0%| F|  |TAMS 0x000000075b400000, 0x000000075b400000| Untracked 
| 219|0x000000075b600000, 0x000000075b62e1a0, 0x000000075b800000|  9%| S|CS|TAMS 0x000000075b600000, 0x000000075b600000| Complete 
| 220|0x000000075b800000, 0x000000075ba00000, 0x000000075ba00000|100%| S|CS|TAMS 0x000000075b800000, 0x000000075b800000| Complete 
| 221|0x000000075ba00000, 0x000000075bc00000, 0x000000075bc00000|100%| S|CS|TAMS 0x000000075ba00000, 0x000000075ba00000| Complete 
| 222|0x000000075bc00000, 0x000000075bc00000, 0x000000075be00000|  0%| F|  |TAMS 0x000000075bc00000, 0x000000075bc00000| Untracked 
| 223|0x000000075be00000, 0x000000075be00000, 0x000000075c000000|  0%| F|  |TAMS 0x000000075be00000, 0x000000075be00000| Untracked 
| 224|0x000000075c000000, 0x000000075c000000, 0x000000075c200000|  0%| F|  |TAMS 0x000000075c000000, 0x000000075c000000| Untracked 
| 225|0x000000075c200000, 0x000000075c200000, 0x000000075c400000|  0%| F|  |TAMS 0x000000075c200000, 0x000000075c200000| Untracked 
| 226|0x000000075c400000, 0x000000075c400000, 0x000000075c600000|  0%| F|  |TAMS 0x000000075c400000, 0x000000075c400000| Untracked 
| 227|0x000000075c600000, 0x000000075c600000, 0x000000075c800000|  0%| F|  |TAMS 0x000000075c600000, 0x000000075c600000| Untracked 
| 228|0x000000075c800000, 0x000000075c800000, 0x000000075ca00000|  0%| F|  |TAMS 0x000000075c800000, 0x000000075c800000| Untracked 
| 229|0x000000075ca00000, 0x000000075ca00000, 0x000000075cc00000|  0%| F|  |TAMS 0x000000075ca00000, 0x000000075ca00000| Untracked 
| 230|0x000000075cc00000, 0x000000075cc00000, 0x000000075ce00000|  0%| F|  |TAMS 0x000000075cc00000, 0x000000075cc00000| Untracked 
| 231|0x000000075ce00000, 0x000000075ce00000, 0x000000075d000000|  0%| F|  |TAMS 0x000000075ce00000, 0x000000075ce00000| Untracked 
| 232|0x000000075d000000, 0x000000075d000000, 0x000000075d200000|  0%| F|  |TAMS 0x000000075d000000, 0x000000075d000000| Untracked 
| 233|0x000000075d200000, 0x000000075d200000, 0x000000075d400000|  0%| F|  |TAMS 0x000000075d200000, 0x000000075d200000| Untracked 
| 234|0x000000075d400000, 0x000000075d400000, 0x000000075d600000|  0%| F|  |TAMS 0x000000075d400000, 0x000000075d400000| Untracked 
| 235|0x000000075d600000, 0x000000075d600000, 0x000000075d800000|  0%| F|  |TAMS 0x000000075d600000, 0x000000075d600000| Untracked 
| 236|0x000000075d800000, 0x000000075d800000, 0x000000075da00000|  0%| F|  |TAMS 0x000000075d800000, 0x000000075d800000| Untracked 
| 237|0x000000075da00000, 0x000000075da00000, 0x000000075dc00000|  0%| F|  |TAMS 0x000000075da00000, 0x000000075da00000| Untracked 
| 238|0x000000075dc00000, 0x000000075dc00000, 0x000000075de00000|  0%| F|  |TAMS 0x000000075dc00000, 0x000000075dc00000| Untracked 
| 239|0x000000075de00000, 0x000000075de00000, 0x000000075e000000|  0%| F|  |TAMS 0x000000075de00000, 0x000000075de00000| Untracked 
| 240|0x000000075e000000, 0x000000075e000000, 0x000000075e200000|  0%| F|  |TAMS 0x000000075e000000, 0x000000075e000000| Untracked 
| 241|0x000000075e200000, 0x000000075e200000, 0x000000075e400000|  0%| F|  |TAMS 0x000000075e200000, 0x000000075e200000| Untracked 
| 242|0x000000075e400000, 0x000000075e400000, 0x000000075e600000|  0%| F|  |TAMS 0x000000075e400000, 0x000000075e400000| Untracked 
| 243|0x000000075e600000, 0x000000075e600000, 0x000000075e800000|  0%| F|  |TAMS 0x000000075e600000, 0x000000075e600000| Untracked 
| 244|0x000000075e800000, 0x000000075e800000, 0x000000075ea00000|  0%| F|  |TAMS 0x000000075e800000, 0x000000075e800000| Untracked 
| 245|0x000000075ea00000, 0x000000075ea00000, 0x000000075ec00000|  0%| F|  |TAMS 0x000000075ea00000, 0x000000075ea00000| Untracked 
| 246|0x000000075ec00000, 0x000000075ec00000, 0x000000075ee00000|  0%| F|  |TAMS 0x000000075ec00000, 0x000000075ec00000| Untracked 
| 247|0x000000075ee00000, 0x000000075ee00000, 0x000000075f000000|  0%| F|  |TAMS 0x000000075ee00000, 0x000000075ee00000| Untracked 
| 248|0x000000075f000000, 0x000000075f000000, 0x000000075f200000|  0%| F|  |TAMS 0x000000075f000000, 0x000000075f000000| Untracked 
| 249|0x000000075f200000, 0x000000075f200000, 0x000000075f400000|  0%| F|  |TAMS 0x000000075f200000, 0x000000075f200000| Untracked 
| 250|0x000000075f400000, 0x000000075f400000, 0x000000075f600000|  0%| F|  |TAMS 0x000000075f400000, 0x000000075f400000| Untracked 
| 251|0x000000075f600000, 0x000000075f600000, 0x000000075f800000|  0%| F|  |TAMS 0x000000075f600000, 0x000000075f600000| Untracked 
| 252|0x000000075f800000, 0x000000075f800000, 0x000000075fa00000|  0%| F|  |TAMS 0x000000075f800000, 0x000000075f800000| Untracked 
| 253|0x000000075fa00000, 0x000000075fa00000, 0x000000075fc00000|  0%| F|  |TAMS 0x000000075fa00000, 0x000000075fa00000| Untracked 
| 254|0x000000075fc00000, 0x000000075fc00000, 0x000000075fe00000|  0%| F|  |TAMS 0x000000075fc00000, 0x000000075fc00000| Untracked 
| 255|0x000000075fe00000, 0x000000075fe00000, 0x0000000760000000|  0%| F|  |TAMS 0x000000075fe00000, 0x000000075fe00000| Untracked 
| 256|0x0000000760000000, 0x0000000760000000, 0x0000000760200000|  0%| F|  |TAMS 0x0000000760000000, 0x0000000760000000| Untracked 
| 257|0x0000000760200000, 0x0000000760200000, 0x0000000760400000|  0%| F|  |TAMS 0x0000000760200000, 0x0000000760200000| Untracked 
| 258|0x0000000760400000, 0x0000000760400000, 0x0000000760600000|  0%| F|  |TAMS 0x0000000760400000, 0x0000000760400000| Untracked 
| 259|0x0000000760600000, 0x0000000760600000, 0x0000000760800000|  0%| F|  |TAMS 0x0000000760600000, 0x0000000760600000| Untracked 
| 260|0x0000000760800000, 0x0000000760800000, 0x0000000760a00000|  0%| F|  |TAMS 0x0000000760800000, 0x0000000760800000| Untracked 
| 261|0x0000000760a00000, 0x0000000760a00000, 0x0000000760c00000|  0%| F|  |TAMS 0x0000000760a00000, 0x0000000760a00000| Untracked 
| 262|0x0000000760c00000, 0x0000000760c00000, 0x0000000760e00000|  0%| F|  |TAMS 0x0000000760c00000, 0x0000000760c00000| Untracked 
| 263|0x0000000760e00000, 0x0000000760e00000, 0x0000000761000000|  0%| F|  |TAMS 0x0000000760e00000, 0x0000000760e00000| Untracked 
| 264|0x0000000761000000, 0x0000000761000000, 0x0000000761200000|  0%| F|  |TAMS 0x0000000761000000, 0x0000000761000000| Untracked 
| 265|0x0000000761200000, 0x0000000761200000, 0x0000000761400000|  0%| F|  |TAMS 0x0000000761200000, 0x0000000761200000| Untracked 
| 266|0x0000000761400000, 0x0000000761400000, 0x0000000761600000|  0%| F|  |TAMS 0x0000000761400000, 0x0000000761400000| Untracked 
| 267|0x0000000761600000, 0x0000000761600000, 0x0000000761800000|  0%| F|  |TAMS 0x0000000761600000, 0x0000000761600000| Untracked 
| 268|0x0000000761800000, 0x0000000761800000, 0x0000000761a00000|  0%| F|  |TAMS 0x0000000761800000, 0x0000000761800000| Untracked 
|1519|0x00000007fde00000, 0x00000007fde00000, 0x00000007fe000000|  0%| F|  |TAMS 0x00000007fde00000, 0x00000007fde00000| Untracked 
|1525|0x00000007fea00000, 0x00000007fea00000, 0x00000007fec00000|  0%| F|  |TAMS 0x00000007fea00000, 0x00000007fea00000| Untracked 
|1535|0x00000007ffe00000, 0x00000007ffe00000, 0x0000000800000000|  0%| F|  |TAMS 0x00000007ffe00000, 0x00000007ffe00000| Untracked 

Card table byte_map: [0x000001f8fce00000,0x000001f8fd400000] _byte_map_base: 0x000001f8f9400000

Marking Bits (Prev, Next): (CMBitMap*) 0x000001f8f49c7230, (CMBitMap*) 0x000001f8f49c71f0
 Prev Bits: [0x000001f892000000, 0x000001f895000000)
 Next Bits: [0x000001f88f000000, 0x000001f892000000)

Polling page: 0x000001f8f2950000

Metaspace:

Usage:
  Non-class:     72.77 MB used.
      Class:     11.40 MB used.
       Both:     84.17 MB used.

Virtual space:
  Non-class space:      128.00 MB reserved,      73.31 MB ( 57%) committed,  2 nodes.
      Class space:        1.00 GB reserved,      11.81 MB (  1%) committed,  1 nodes.
             Both:        1.12 GB reserved,      85.12 MB (  7%) committed. 

Chunk freelists:
   Non-Class:  6.17 MB
       Class:  4.15 MB
        Both:  10.32 MB

MaxMetaspaceSize: unlimited
CompressedClassSpaceSize: 1.00 GB
Initial GC threshold: 21.00 MB
Current GC threshold: 139.62 MB
CDS: on
MetaspaceReclaimPolicy: balanced
 - commit_granule_bytes: 65536.
 - commit_granule_words: 8192.
 - virtual_space_node_default_size: 8388608.
 - enlarge_chunks_in_place: 1.
 - new_chunks_are_fully_committed: 0.
 - uncommit_free_chunks: 1.
 - use_allocation_guard: 0.
 - handle_deallocations: 1.


Internal statistics:

num_allocs_failed_limit: 24.
num_arena_births: 1068.
num_arena_deaths: 4.
num_vsnodes_births: 3.
num_vsnodes_deaths: 0.
num_space_committed: 1362.
num_space_uncommitted: 0.
num_chunks_returned_to_freelist: 30.
num_chunks_taken_from_freelist: 4580.
num_chunk_merges: 26.
num_chunk_splits: 2929.
num_chunks_enlarged: 1805.
num_inconsistent_stats: 0.

CodeHeap 'non-profiled nmethods': size=120000Kb used=10593Kb max_used=10593Kb free=109406Kb
 bounds [0x000001f887ad0000, 0x000001f888530000, 0x000001f88f000000]
CodeHeap 'profiled nmethods': size=120000Kb used=25541Kb max_used=25541Kb free=94458Kb
 bounds [0x000001f880000000, 0x000001f881900000, 0x000001f887530000]
CodeHeap 'non-nmethods': size=5760Kb used=2418Kb max_used=2531Kb free=3341Kb
 bounds [0x000001f887530000, 0x000001f8877b0000, 0x000001f887ad0000]
 total_blobs=14191 nmethods=13255 adapters=847
 compilation: enabled
              stopped_count=0, restarted_count=0
 full_count=0

Compilation events (20 events):
Event: 141.197 Thread 0x000001f89553f0e0 nmethod 16483 0x000001f8818eca10 code [0x000001f8818ecc60, 0x000001f8818ed688]
Event: 141.197 Thread 0x000001f89553f0e0 16484       3       org.gradle.api.internal.artifacts.ivyservice.ivyresolve.FilteredModuleComponentRepository$FilteringAccess$$Lambda$1360/0x000001f8978bc4a0::<init> (15 bytes)
Event: 141.197 Thread 0x000001f89553f0e0 nmethod 16484 0x000001f8818ed990 code [0x000001f8818edb40, 0x000001f8818edd78]
Event: 141.197 Thread 0x000001f89553f0e0 16485       3       org.gradle.api.internal.artifacts.ivyservice.moduleconverter.dependencies.DefaultExcludeRuleConverter::<init> (10 bytes)
Event: 141.197 Thread 0x000001f89553f0e0 nmethod 16485 0x000001f8818ede10 code [0x000001f8818edfc0, 0x000001f8818ee178]
Event: 141.199 Thread 0x000001f89553f0e0 16486       3       org.gradle.internal.component.model.ComponentIdGenerator::nextComponentId (8 bytes)
Event: 141.199 Thread 0x000001f89553f0e0 nmethod 16486 0x000001f8818ee210 code [0x000001f8818ee3c0, 0x000001f8818ee508]
Event: 141.199 Thread 0x000001f89553f0e0 16487       3       org.gradle.internal.component.model.AbstractComponentGraphResolveState::<init> (27 bytes)
Event: 141.199 Thread 0x000001f89553f0e0 nmethod 16487 0x000001f8818ee610 code [0x000001f8818ee7c0, 0x000001f8818eea58]
Event: 141.200 Thread 0x000001f89553f0e0 16490       3       org.gradle.api.internal.provider.Collectors$SingleElement::<init> (10 bytes)
Event: 141.200 Thread 0x000001f89553f0e0 nmethod 16490 0x000001f8818eeb10 code [0x000001f8818eecc0, 0x000001f8818eee78]
Event: 141.201 Thread 0x000001f89553f0e0 16491       3       com.google.common.base.Splitter$SplittingIterator::computeNext (5 bytes)
Event: 141.201 Thread 0x000001f89553e630 nmethod 16481% 0x000001f888527390 code [0x000001f888527540, 0x000001f888527c08]
Event: 141.201 Thread 0x000001f89553f0e0 nmethod 16491 0x000001f8818eef10 code [0x000001f8818ef0c0, 0x000001f8818ef288]
Event: 141.201 Thread 0x000001f89553f0e0 16492       3       com.google.common.base.Splitter$SplittingIterator::computeNext (279 bytes)
Event: 141.201 Thread 0x000001f89553e630 16488       4       java.lang.reflect.Field::copy (80 bytes)
Event: 141.201 Thread 0x000001f89553f0e0 nmethod 16492 0x000001f8818ef390 code [0x000001f8818ef680, 0x000001f8818f0988]
Event: 141.201 Thread 0x000001f89553f0e0 16493       3       com.google.gson.stream.JsonReader::beginArray (82 bytes)
Event: 141.201 Thread 0x000001f89553e630 nmethod 16488 0x000001f888528090 code [0x000001f888528220, 0x000001f888528398]
Event: 141.201 Thread 0x000001f89553e630 16489       4       java.lang.reflect.Field::<init> (50 bytes)

GC Heap History (20 events):
Event: 133.530 GC heap after
{Heap after GC invocations=30 (full 0):
 garbage-first heap   total 591872K, used 237402K [0x0000000740000000, 0x0000000800000000)
  region size 2048K, 2 young (4096K), 2 survivors (4096K)
 Metaspace       used 75405K, committed 76160K, reserved 1179648K
  class space    used 10482K, committed 10816K, reserved 1048576K
}
Event: 133.562 GC heap before
{Heap before GC invocations=30 (full 0):
 garbage-first heap   total 591872K, used 245594K [0x0000000740000000, 0x0000000800000000)
  region size 2048K, 7 young (14336K), 2 survivors (4096K)
 Metaspace       used 75407K, committed 76160K, reserved 1179648K
  class space    used 10482K, committed 10816K, reserved 1048576K
}
Event: 133.565 GC heap after
{Heap after GC invocations=31 (full 0):
 garbage-first heap   total 591872K, used 238379K [0x0000000740000000, 0x0000000800000000)
  region size 2048K, 4 young (8192K), 4 survivors (8192K)
 Metaspace       used 75407K, committed 76160K, reserved 1179648K
  class space    used 10482K, committed 10816K, reserved 1048576K
}
Event: 134.637 GC heap before
{Heap before GC invocations=32 (full 0):
 garbage-first heap   total 491520K, used 283435K [0x0000000740000000, 0x0000000800000000)
  region size 2048K, 67 young (137216K), 4 survivors (8192K)
 Metaspace       used 81442K, committed 82176K, reserved 1179648K
  class space    used 11172K, committed 11520K, reserved 1048576K
}
Event: 134.650 GC heap after
{Heap after GC invocations=33 (full 0):
 garbage-first heap   total 491520K, used 179070K [0x0000000740000000, 0x0000000800000000)
  region size 2048K, 9 young (18432K), 9 survivors (18432K)
 Metaspace       used 81442K, committed 82176K, reserved 1179648K
  class space    used 11172K, committed 11520K, reserved 1048576K
}
Event: 134.701 GC heap before
{Heap before GC invocations=33 (full 0):
 garbage-first heap   total 491520K, used 185214K [0x0000000740000000, 0x0000000800000000)
  region size 2048K, 12 young (24576K), 9 survivors (18432K)
 Metaspace       used 81489K, committed 82240K, reserved 1179648K
  class space    used 11173K, committed 11520K, reserved 1048576K
}
Event: 134.707 GC heap after
{Heap after GC invocations=34 (full 0):
 garbage-first heap   total 491520K, used 168176K [0x0000000740000000, 0x0000000800000000)
  region size 2048K, 2 young (4096K), 2 survivors (4096K)
 Metaspace       used 81489K, committed 82240K, reserved 1179648K
  class space    used 11173K, committed 11520K, reserved 1048576K
}
Event: 135.781 GC heap before
{Heap before GC invocations=34 (full 0):
 garbage-first heap   total 491520K, used 297200K [0x0000000740000000, 0x0000000800000000)
  region size 2048K, 65 young (133120K), 2 survivors (4096K)
 Metaspace       used 84280K, committed 85120K, reserved 1179648K
  class space    used 11450K, committed 11840K, reserved 1048576K
}
Event: 135.790 GC heap after
{Heap after GC invocations=35 (full 0):
 garbage-first heap   total 491520K, used 173235K [0x0000000740000000, 0x0000000800000000)
  region size 2048K, 4 young (8192K), 4 survivors (8192K)
 Metaspace       used 84280K, committed 85120K, reserved 1179648K
  class space    used 11450K, committed 11840K, reserved 1048576K
}
Event: 136.342 GC heap before
{Heap before GC invocations=36 (full 0):
 garbage-first heap   total 491520K, used 308403K [0x0000000740000000, 0x0000000800000000)
  region size 2048K, 73 young (149504K), 4 survivors (8192K)
 Metaspace       used 84366K, committed 85248K, reserved 1179648K
  class space    used 11450K, committed 11840K, reserved 1048576K
}
Event: 136.348 GC heap after
{Heap after GC invocations=37 (full 0):
 garbage-first heap   total 491520K, used 167831K [0x0000000740000000, 0x0000000800000000)
  region size 2048K, 5 young (10240K), 5 survivors (10240K)
 Metaspace       used 84366K, committed 85248K, reserved 1179648K
  class space    used 11450K, committed 11840K, reserved 1048576K
}
Event: 136.388 GC heap before
{Heap before GC invocations=37 (full 0):
 garbage-first heap   total 491520K, used 182167K [0x0000000740000000, 0x0000000800000000)
  region size 2048K, 12 young (24576K), 5 survivors (10240K)
 Metaspace       used 84366K, committed 85248K, reserved 1179648K
  class space    used 11450K, committed 11840K, reserved 1048576K
}
Event: 136.395 GC heap after
{Heap after GC invocations=38 (full 0):
 garbage-first heap   total 491520K, used 161657K [0x0000000740000000, 0x0000000800000000)
  region size 2048K, 1 young (2048K), 1 survivors (2048K)
 Metaspace       used 84366K, committed 85248K, reserved 1179648K
  class space    used 11450K, committed 11840K, reserved 1048576K
}
Event: 136.925 GC heap before
{Heap before GC invocations=38 (full 0):
 garbage-first heap   total 491520K, used 219001K [0x0000000740000000, 0x0000000800000000)
  region size 2048K, 30 young (61440K), 1 survivors (2048K)
 Metaspace       used 84809K, committed 85632K, reserved 1179648K
  class space    used 11494K, committed 11904K, reserved 1048576K
}
Event: 136.930 GC heap after
{Heap after GC invocations=39 (full 0):
 garbage-first heap   total 491520K, used 160576K [0x0000000740000000, 0x0000000800000000)
  region size 2048K, 3 young (6144K), 3 survivors (6144K)
 Metaspace       used 84809K, committed 85632K, reserved 1179648K
  class space    used 11494K, committed 11904K, reserved 1048576K
}
Event: 137.767 GC heap before
{Heap before GC invocations=40 (full 0):
 garbage-first heap   total 491520K, used 336704K [0x0000000740000000, 0x0000000800000000)
  region size 2048K, 88 young (180224K), 3 survivors (6144K)
 Metaspace       used 85260K, committed 86144K, reserved 1179648K
  class space    used 11571K, committed 11968K, reserved 1048576K
}
Event: 137.780 GC heap after
{Heap after GC invocations=41 (full 0):
 garbage-first heap   total 491520K, used 172701K [0x0000000740000000, 0x0000000800000000)
  region size 2048K, 9 young (18432K), 9 survivors (18432K)
 Metaspace       used 85260K, committed 86144K, reserved 1179648K
  class space    used 11571K, committed 11968K, reserved 1048576K
}
Event: 138.099 GC heap before
{Heap before GC invocations=41 (full 0):
 garbage-first heap   total 491520K, used 178845K [0x0000000740000000, 0x0000000800000000)
  region size 2048K, 12 young (24576K), 9 survivors (18432K)
 Metaspace       used 85413K, committed 86272K, reserved 1179648K
  class space    used 11587K, committed 11968K, reserved 1048576K
}
Event: 138.109 GC heap after
{Heap after GC invocations=42 (full 0):
 garbage-first heap   total 491520K, used 154542K [0x0000000740000000, 0x0000000800000000)
  region size 2048K, 2 young (4096K), 2 survivors (4096K)
 Metaspace       used 85413K, committed 86272K, reserved 1179648K
  class space    used 11587K, committed 11968K, reserved 1048576K
}
Event: 141.202 GC heap before
{Heap before GC invocations=42 (full 0):
 garbage-first heap   total 491520K, used 185262K [0x0000000740000000, 0x0000000800000000)
  region size 2048K, 18 young (36864K), 2 survivors (4096K)
 Metaspace       used 86189K, committed 87168K, reserved 1179648K
  class space    used 11672K, committed 12096K, reserved 1048576K
}

Dll operation events (15 events):
Event: 0.079 Loaded shared library C:\Program Files\Eclipse Adoptium\jdk-17.0.16.8-hotspot\bin\java.dll
Event: 0.914 Loaded shared library C:\Program Files\Eclipse Adoptium\jdk-17.0.16.8-hotspot\bin\jsvml.dll
Event: 1.000 Loaded shared library C:\Program Files\Eclipse Adoptium\jdk-17.0.16.8-hotspot\bin\zip.dll
Event: 1.007 Loaded shared library C:\Program Files\Eclipse Adoptium\jdk-17.0.16.8-hotspot\bin\instrument.dll
Event: 1.012 Loaded shared library C:\Program Files\Eclipse Adoptium\jdk-17.0.16.8-hotspot\bin\net.dll
Event: 1.013 Loaded shared library C:\Program Files\Eclipse Adoptium\jdk-17.0.16.8-hotspot\bin\nio.dll
Event: 1.017 Loaded shared library C:\Program Files\Eclipse Adoptium\jdk-17.0.16.8-hotspot\bin\zip.dll
Event: 1.832 Loaded shared library C:\Program Files\Eclipse Adoptium\jdk-17.0.16.8-hotspot\bin\jimage.dll
Event: 1.941 Loaded shared library C:\Program Files\Eclipse Adoptium\jdk-17.0.16.8-hotspot\bin\verify.dll
Event: 2.202 Loaded shared library C:\Users\Administrator\.gradle\native\c067742578af261105cb4f569cf0c3c89f3d7b1fecec35dd04571415982c5e48\windows-amd64\native-platform.dll
Event: 2.208 Loaded shared library C:\Users\Administrator\.gradle\native\100fb08df4bc3b14c8652ba06237920a3bd2aa13389f12d3474272988ae205f9\windows-amd64\native-platform-file-events.dll
Event: 4.907 Loaded shared library C:\Program Files\Eclipse Adoptium\jdk-17.0.16.8-hotspot\bin\management.dll
Event: 4.909 Loaded shared library C:\Program Files\Eclipse Adoptium\jdk-17.0.16.8-hotspot\bin\management_ext.dll
Event: 5.176 Loaded shared library C:\Program Files\Eclipse Adoptium\jdk-17.0.16.8-hotspot\bin\extnet.dll
Event: 5.861 Loaded shared library C:\Program Files\Eclipse Adoptium\jdk-17.0.16.8-hotspot\bin\sunmscapi.dll

Deoptimization events (20 events):
Event: 140.355 Thread 0x000001f8dd07a570 Uncommon trap: trap_request=0xffffffde fr.pc=0x000001f8882671fc relative=0x00000000000005bc
Event: 140.355 Thread 0x000001f8dd07a570 Uncommon trap: reason=class_check action=maybe_recompile pc=0x000001f8882671fc method=java.util.HashMap.removeNode(ILjava/lang/Object;Ljava/lang/Object;ZZ)Ljava/util/HashMap$Node; @ 143 c2
Event: 140.355 Thread 0x000001f8dd07a570 DEOPT PACKING pc=0x000001f8882671fc sp=0x00000041e73f59b0
Event: 140.355 Thread 0x000001f8dd07a570 DEOPT UNPACKING pc=0x000001f88758a1a3 sp=0x00000041e73f58c8 mode 2
Event: 140.578 Thread 0x000001f8dd07a570 Uncommon trap: trap_request=0xffffffbe fr.pc=0x000001f888525cac relative=0x000000000000196c
Event: 140.578 Thread 0x000001f8dd07a570 Uncommon trap: reason=profile_predicate action=maybe_recompile pc=0x000001f888525cac method=java.lang.StringLatin1.replace([BI[BI[BI)Ljava/lang/String; @ 180 c2
Event: 140.578 Thread 0x000001f8dd07a570 DEOPT PACKING pc=0x000001f888525cac sp=0x00000041e73f5850
Event: 140.578 Thread 0x000001f8dd07a570 DEOPT UNPACKING pc=0x000001f88758a1a3 sp=0x00000041e73f5700 mode 2
Event: 140.578 Thread 0x000001f8dd07a570 Uncommon trap: trap_request=0xffffffbe fr.pc=0x000001f888525cac relative=0x000000000000196c
Event: 140.578 Thread 0x000001f8dd07a570 Uncommon trap: reason=profile_predicate action=maybe_recompile pc=0x000001f888525cac method=java.lang.StringLatin1.replace([BI[BI[BI)Ljava/lang/String; @ 180 c2
Event: 140.578 Thread 0x000001f8dd07a570 DEOPT PACKING pc=0x000001f888525cac sp=0x00000041e73f5850
Event: 140.578 Thread 0x000001f8dd07a570 DEOPT UNPACKING pc=0x000001f88758a1a3 sp=0x00000041e73f5700 mode 2
Event: 141.201 Thread 0x000001f8dd07a570 Uncommon trap: trap_request=0xffffff45 fr.pc=0x000001f888032f00 relative=0x0000000000002580
Event: 141.201 Thread 0x000001f8dd07a570 Uncommon trap: reason=unstable_if action=reinterpret pc=0x000001f888032f00 method=com.google.gson.stream.JsonReader.skipValue()V @ 18 c2
Event: 141.201 Thread 0x000001f8dd07a570 DEOPT PACKING pc=0x000001f888032f00 sp=0x00000041e73f9770
Event: 141.201 Thread 0x000001f8dd07a570 DEOPT UNPACKING pc=0x000001f88758a1a3 sp=0x00000041e73f96e0 mode 2
Event: 141.201 Thread 0x000001f8dd07a570 Uncommon trap: trap_request=0xffffff45 fr.pc=0x000001f887f9c7e4 relative=0x00000000000000c4
Event: 141.201 Thread 0x000001f8dd07a570 Uncommon trap: reason=unstable_if action=reinterpret pc=0x000001f887f9c7e4 method=com.google.gson.stream.JsonReader.peek()Lcom/google/gson/stream/JsonToken; @ 15 c2
Event: 141.201 Thread 0x000001f8dd07a570 DEOPT PACKING pc=0x000001f887f9c7e4 sp=0x00000041e73f9310
Event: 141.201 Thread 0x000001f8dd07a570 DEOPT UNPACKING pc=0x000001f88758a1a3 sp=0x00000041e73f9298 mode 2

Classes loaded (20 events):
Event: 140.206 Loading class jdk/internal/ValueBased
Event: 140.206 Loading class jdk/internal/ValueBased done
Event: 140.225 Loading class java/util/regex/PatternBeanInfo
Event: 140.226 Loading class java/util/regex/PatternBeanInfo done
Event: 140.226 Loading class java/util/regex/PatternBeanInfo
Event: 140.226 Loading class java/util/regex/PatternBeanInfo done
Event: 140.226 Loading class java/util/regex/PatternCustomizer
Event: 140.226 Loading class java/util/regex/PatternCustomizer done
Event: 140.226 Loading class java/util/regex/PatternCustomizer
Event: 140.226 Loading class java/util/regex/PatternCustomizer done
Event: 140.231 Loading class java/io/Console
Event: 140.232 Loading class java/io/Console done
Event: 140.232 Loading class java/lang/SystemBeanInfo
Event: 140.232 Loading class java/lang/SystemBeanInfo done
Event: 140.232 Loading class java/lang/SystemBeanInfo
Event: 140.232 Loading class java/lang/SystemBeanInfo done
Event: 140.232 Loading class java/lang/SystemCustomizer
Event: 140.232 Loading class java/lang/SystemCustomizer done
Event: 140.232 Loading class java/lang/SystemCustomizer
Event: 140.232 Loading class java/lang/SystemCustomizer done

Classes unloaded (2 events):
Event: 86.943 Thread 0x000001f89550ff20 Unloading class 0x000001f897985400 'java/lang/invoke/LambdaForm$DMH+0x000001f897985400'
Event: 86.943 Thread 0x000001f89550ff20 Unloading class 0x000001f897985000 'java/lang/invoke/LambdaForm$DMH+0x000001f897985000'

Classes redefined (0 events):
No events

Internal exceptions (20 events):
Event: 140.199 Thread 0x000001f8dd07a570 Exception <a 'java/lang/ClassNotFoundException'{0x000000075c5338b0}: org/gradle/api/tasks/JavaExecBeanInfo> (0x000000075c5338b0) 
thrown [s\src\hotspot\share\classfile\systemDictionary.cpp, line 256]
Event: 140.199 Thread 0x000001f8dd07a570 Exception <a 'java/lang/ClassNotFoundException'{0x000000075c543018}: org/gradle/api/tasks/JavaExecCustomizer> (0x000000075c543018) 
thrown [s\src\hotspot\share\classfile\systemDictionary.cpp, line 256]
Event: 140.201 Thread 0x000001f8dd07a570 Exception <a 'java/lang/ClassNotFoundException'{0x000000075c5a97c8}: org/gradle/api/tasks/JavaExec_DecoratedCustomizer> (0x000000075c5a97c8) 
thrown [s\src\hotspot\share\classfile\systemDictionary.cpp, line 256]
Event: 140.206 Thread 0x000001f8dd07a570 Exception <a 'java/lang/ClassNotFoundException'{0x000000075c25bc30}: java/lang/BooleanBeanInfo> (0x000000075c25bc30) 
thrown [s\src\hotspot\share\classfile\systemDictionary.cpp, line 256]
Event: 140.206 Thread 0x000001f8dd07a570 Exception <a 'java/lang/ClassNotFoundException'{0x000000075c262f60}: java/lang/BooleanCustomizer> (0x000000075c262f60) 
thrown [s\src\hotspot\share\classfile\systemDictionary.cpp, line 256]
Event: 140.210 Thread 0x000001f8dd07a570 Exception <a 'java/lang/ClassNotFoundException'{0x000000075c2bf250}: PropertiesBeanInfo> (0x000000075c2bf250) 
thrown [s\src\hotspot\share\classfile\systemDictionary.cpp, line 256]
Event: 140.210 Thread 0x000001f8dd07a570 Exception <a 'java/lang/ClassNotFoundException'{0x000000075c2caeb8}: PropertiesCustomizer> (0x000000075c2caeb8) 
thrown [s\src\hotspot\share\classfile\systemDictionary.cpp, line 256]
Event: 140.214 Thread 0x000001f8dd07a570 Exception <a 'java/lang/ClassNotFoundException'{0x000000075c07d558}: com/google/common/collect/RegularImmutableListBeanInfo> (0x000000075c07d558) 
thrown [s\src\hotspot\share\classfile\systemDictionary.cpp, line 256]
Event: 140.214 Thread 0x000001f8dd07a570 Exception <a 'java/lang/ClassNotFoundException'{0x000000075c08b5f8}: com/google/common/collect/ImmutableListBeanInfo> (0x000000075c08b5f8) 
thrown [s\src\hotspot\share\classfile\systemDictionary.cpp, line 256]
Event: 140.215 Thread 0x000001f8dd07a570 Exception <a 'java/lang/ClassNotFoundException'{0x000000075c0999a8}: com/google/common/collect/ImmutableCollectionBeanInfo> (0x000000075c0999a8) 
thrown [s\src\hotspot\share\classfile\systemDictionary.cpp, line 256]
Event: 140.215 Thread 0x000001f8dd07a570 Exception <a 'java/lang/ClassNotFoundException'{0x000000075c0a80a8}: com/google/common/collect/ImmutableCollectionCustomizer> (0x000000075c0a80a8) 
thrown [s\src\hotspot\share\classfile\systemDictionary.cpp, line 256]
Event: 140.216 Thread 0x000001f8dd07a570 Exception <a 'java/lang/ClassNotFoundException'{0x000000075c0c49f0}: com/google/common/collect/ImmutableListCustomizer> (0x000000075c0c49f0) 
thrown [s\src\hotspot\share\classfile\systemDictionary.cpp, line 256]
Event: 140.218 Thread 0x000001f8dd07a570 Exception <a 'java/lang/ClassNotFoundException'{0x000000075c127e80}: com/google/common/collect/RegularImmutableListCustomizer> (0x000000075c127e80) 
thrown [s\src\hotspot\share\classfile\systemDictionary.cpp, line 256]
Event: 140.222 Thread 0x000001f8dd07a570 Exception <a 'java/lang/ClassNotFoundException'{0x000000075c183e98}: KotlinCoroutineJvmDebugArgumentsProviderBeanInfo> (0x000000075c183e98) 
thrown [s\src\hotspot\share\classfile\systemDictionary.cpp, line 256]
Event: 140.223 Thread 0x000001f8dd07a570 Exception <a 'java/lang/ClassNotFoundException'{0x000000075c193ad0}: KotlinCoroutineJvmDebugArgumentsProviderCustomizer> (0x000000075c193ad0) 
thrown [s\src\hotspot\share\classfile\systemDictionary.cpp, line 256]
Event: 140.226 Thread 0x000001f8dd07a570 Exception <a 'java/lang/ClassNotFoundException'{0x000000075c1b7b78}: java/util/regex/PatternBeanInfo> (0x000000075c1b7b78) 
thrown [s\src\hotspot\share\classfile\systemDictionary.cpp, line 256]
Event: 140.226 Thread 0x000001f8dd07a570 Exception <a 'java/lang/ClassNotFoundException'{0x000000075c1bf9e0}: java/util/regex/PatternCustomizer> (0x000000075c1bf9e0) 
thrown [s\src\hotspot\share\classfile\systemDictionary.cpp, line 256]
Event: 140.232 Thread 0x000001f8dd07a570 Exception <a 'java/lang/ClassNotFoundException'{0x000000075be18618}: java/lang/SystemBeanInfo> (0x000000075be18618) 
thrown [s\src\hotspot\share\classfile\systemDictionary.cpp, line 256]
Event: 140.232 Thread 0x000001f8dd07a570 Exception <a 'java/lang/ClassNotFoundException'{0x000000075be1f938}: java/lang/SystemCustomizer> (0x000000075be1f938) 
thrown [s\src\hotspot\share\classfile\systemDictionary.cpp, line 256]
Event: 140.235 Thread 0x000001f8dd07a570 Implicit null exception at 0x000001f887d5e054 to 0x000001f887d5e330

VM Operations (20 events):
Event: 136.930 Executing VM operation: G1TryInitiateConcMark done
Event: 137.053 Executing VM operation: G1PauseRemark
Event: 137.059 Executing VM operation: G1PauseRemark done
Event: 137.112 Executing VM operation: G1PauseCleanup
Event: 137.113 Executing VM operation: G1PauseCleanup done
Event: 137.585 Executing VM operation: HandshakeAllThreads
Event: 137.585 Executing VM operation: HandshakeAllThreads done
Event: 137.714 Executing VM operation: HandshakeAllThreads
Event: 137.714 Executing VM operation: HandshakeAllThreads done
Event: 137.720 Executing VM operation: ICBufferFull
Event: 137.721 Executing VM operation: ICBufferFull done
Event: 137.767 Executing VM operation: G1CollectForAllocation
Event: 137.780 Executing VM operation: G1CollectForAllocation done
Event: 138.099 Executing VM operation: G1CollectForAllocation
Event: 138.109 Executing VM operation: G1CollectForAllocation done
Event: 138.258 Executing VM operation: ICBufferFull
Event: 138.258 Executing VM operation: ICBufferFull done
Event: 140.238 Executing VM operation: ICBufferFull
Event: 140.238 Executing VM operation: ICBufferFull done
Event: 141.202 Executing VM operation: G1TryInitiateConcMark

Memory protections (0 events):
No events

Nmethod flushes (20 events):
Event: 136.177 Thread 0x000001f89553fae0 flushing  nmethod 0x000001f8817feb10
Event: 136.177 Thread 0x000001f89553fae0 flushing  nmethod 0x000001f8817ff210
Event: 136.177 Thread 0x000001f89553fae0 flushing  nmethod 0x000001f8817ffe10
Event: 136.177 Thread 0x000001f89553fae0 flushing  nmethod 0x000001f881801390
Event: 136.177 Thread 0x000001f89553fae0 flushing  nmethod 0x000001f881801c10
Event: 136.177 Thread 0x000001f89553fae0 flushing  nmethod 0x000001f881802810
Event: 136.177 Thread 0x000001f89553fae0 flushing  nmethod 0x000001f881803c90
Event: 136.177 Thread 0x000001f89553fae0 flushing  nmethod 0x000001f881805910
Event: 136.177 Thread 0x000001f89553fae0 flushing  nmethod 0x000001f881806f10
Event: 136.177 Thread 0x000001f89553fae0 flushing  nmethod 0x000001f881807390
Event: 136.177 Thread 0x000001f89553fae0 flushing  nmethod 0x000001f88180b310
Event: 136.177 Thread 0x000001f89553fae0 flushing  nmethod 0x000001f88180c210
Event: 136.177 Thread 0x000001f89553fae0 flushing  nmethod 0x000001f881814b10
Event: 136.177 Thread 0x000001f89553fae0 flushing  nmethod 0x000001f881814f10
Event: 136.177 Thread 0x000001f89553fae0 flushing  nmethod 0x000001f881817b90
Event: 136.178 Thread 0x000001f89553fae0 flushing  nmethod 0x000001f88181e090
Event: 136.178 Thread 0x000001f89553fae0 flushing  nmethod 0x000001f88181e490
Event: 136.178 Thread 0x000001f89553fae0 flushing  nmethod 0x000001f88181f410
Event: 137.598 Thread 0x000001f89553fae0 flushing  nmethod 0x000001f881474790
Event: 137.598 Thread 0x000001f89553fae0 flushing  nmethod 0x000001f881499190

Events (20 events):
Event: 138.289 Thread 0x000001f8dd07a570 Thread added: 0x000001f8dfe34d30
Event: 138.289 Thread 0x000001f8dd07a570 Thread added: 0x000001f8dfe36680
Event: 138.302 Thread 0x000001f8dd07a570 Thread added: 0x000001f8dfe30140
Event: 138.303 Thread 0x000001f8dd07a570 Thread added: 0x000001f8dfe30b60
Event: 138.303 Thread 0x000001f8dd07a570 Thread added: 0x000001f8dfe333e0
Event: 138.303 Thread 0x000001f8dd07a570 Thread added: 0x000001f8dfe370a0
Event: 138.303 Thread 0x000001f8dd07a570 Thread added: 0x000001f8dfe338f0
Event: 138.304 Thread 0x000001f8dd07a570 Thread added: 0x000001f8dfe30650
Event: 138.304 Thread 0x000001f8dd07a570 Thread added: 0x000001f8dfe35240
Event: 138.569 Thread 0x000001f8dd9cda20 Thread exited: 0x000001f8dd9cda20
Event: 138.569 Thread 0x000001f8dd9ccf80 Thread exited: 0x000001f8dd9ccf80
Event: 138.820 Thread 0x000001f8dd07a570 Thread added: 0x000001f8dfe34820
Event: 138.820 Thread 0x000001f8dfe34820 Thread exited: 0x000001f8dfe34820
Event: 139.153 Thread 0x000001f8dd07a570 Thread added: 0x000001f8dfe31a90
Event: 139.370 Thread 0x000001f8dd07a570 Thread added: 0x000001f8dfe324b0
Event: 139.370 Thread 0x000001f8dfe324b0 Thread exited: 0x000001f8dfe324b0
Event: 140.143 Thread 0x000001f89553f0e0 Thread added: 0x000001f8dd9d1f30
Event: 140.159 Thread 0x000001f89553f0e0 Thread added: 0x000001f8dd9cca30
Event: 140.461 Thread 0x000001f8dd9cca30 Thread exited: 0x000001f8dd9cca30
Event: 140.461 Thread 0x000001f8dd9d1f30 Thread exited: 0x000001f8dd9d1f30


Dynamic libraries:
0x00007ff60ee90000 - 0x00007ff60ee9e000 	C:\Program Files\Eclipse Adoptium\jdk-17.0.16.8-hotspot\bin\java.exe
0x00007fff152f0000 - 0x00007fff154e8000 	C:\Windows\SYSTEM32\ntdll.dll
0x00007fff14450000 - 0x00007fff14512000 	C:\Windows\System32\KERNEL32.DLL
0x00007fff12c80000 - 0x00007fff12f7f000 	C:\Windows\System32\KERNELBASE.dll
0x00007fff12b80000 - 0x00007fff12c80000 	C:\Windows\System32\ucrtbase.dll
0x00007ffee87c0000 - 0x00007ffee87de000 	C:\Program Files\Eclipse Adoptium\jdk-17.0.16.8-hotspot\bin\VCRUNTIME140.dll
0x00007ffee2100000 - 0x00007ffee2117000 	C:\Program Files\Eclipse Adoptium\jdk-17.0.16.8-hotspot\bin\jli.dll
0x00007fff14ef0000 - 0x00007fff1508d000 	C:\Windows\System32\USER32.dll
0x00007fff13260000 - 0x00007fff13282000 	C:\Windows\System32\win32u.dll
0x00007fff14670000 - 0x00007fff1469b000 	C:\Windows\System32\GDI32.dll
0x00007ffefb720000 - 0x00007ffefb9ba000 	C:\Windows\WinSxS\amd64_microsoft.windows.common-controls_6595b64144ccf1df_6.0.19041.4355_none_60b8b9eb71f62e16\COMCTL32.dll
0x00007fff12a30000 - 0x00007fff12b47000 	C:\Windows\System32\gdi32full.dll
0x00007fff14520000 - 0x00007fff145be000 	C:\Windows\System32\msvcrt.dll
0x00007fff12f80000 - 0x00007fff1301d000 	C:\Windows\System32\msvcp_win.dll
0x00007fff142e0000 - 0x00007fff1430f000 	C:\Windows\System32\IMM32.DLL
0x00007ffeec9b0000 - 0x00007ffeec9bc000 	C:\Program Files\Eclipse Adoptium\jdk-17.0.16.8-hotspot\bin\vcruntime140_1.dll
0x00007ffed2760000 - 0x00007ffed27ed000 	C:\Program Files\Eclipse Adoptium\jdk-17.0.16.8-hotspot\bin\msvcp140.dll
0x00007ffe92380000 - 0x00007ffe92feb000 	C:\Program Files\Eclipse Adoptium\jdk-17.0.16.8-hotspot\bin\server\jvm.dll
0x00007fff13300000 - 0x00007fff133b1000 	C:\Windows\System32\ADVAPI32.dll
0x00007fff15090000 - 0x00007fff1512f000 	C:\Windows\System32\sechost.dll
0x00007fff14310000 - 0x00007fff14433000 	C:\Windows\System32\RPCRT4.dll
0x00007fff12b50000 - 0x00007fff12b77000 	C:\Windows\System32\bcrypt.dll
0x00007fff141b0000 - 0x00007fff1421b000 	C:\Windows\System32\WS2_32.dll
0x00007fff04820000 - 0x00007fff04847000 	C:\Windows\SYSTEM32\WINMM.dll
0x00007fff11ec0000 - 0x00007fff11f0b000 	C:\Windows\SYSTEM32\POWRPROF.dll
0x00007ffefeb60000 - 0x00007ffefeb6a000 	C:\Windows\SYSTEM32\VERSION.dll
0x00007fff11d80000 - 0x00007fff11d92000 	C:\Windows\SYSTEM32\UMPDC.dll
0x00007fff111a0000 - 0x00007fff111b2000 	C:\Windows\SYSTEM32\kernel.appcore.dll
0x00007ffeec5c0000 - 0x00007ffeec5ca000 	C:\Program Files\Eclipse Adoptium\jdk-17.0.16.8-hotspot\bin\jimage.dll
0x00007fff104f0000 - 0x00007fff106d4000 	C:\Windows\SYSTEM32\DBGHELP.DLL
0x00007ffee1130000 - 0x00007ffee1164000 	C:\Windows\SYSTEM32\dbgcore.DLL
0x00007fff131d0000 - 0x00007fff13252000 	C:\Windows\System32\bcryptPrimitives.dll
0x00007ffeeafe0000 - 0x00007ffeeafee000 	C:\Program Files\Eclipse Adoptium\jdk-17.0.16.8-hotspot\bin\instrument.dll
0x00007ffed9b00000 - 0x00007ffed9b25000 	C:\Program Files\Eclipse Adoptium\jdk-17.0.16.8-hotspot\bin\java.dll
0x00007ffecce50000 - 0x00007ffeccf27000 	C:\Program Files\Eclipse Adoptium\jdk-17.0.16.8-hotspot\bin\jsvml.dll
0x00007fff146a0000 - 0x00007fff14e0e000 	C:\Windows\System32\SHELL32.dll
0x00007fff109e0000 - 0x00007fff11184000 	C:\Windows\SYSTEM32\windows.storage.dll
0x00007fff134a0000 - 0x00007fff137f5000 	C:\Windows\System32\combase.dll
0x00007fff123b0000 - 0x00007fff123df000 	C:\Windows\SYSTEM32\Wldp.dll
0x00007fff133d0000 - 0x00007fff1349d000 	C:\Windows\System32\OLEAUT32.dll
0x00007fff13ff0000 - 0x00007fff1409d000 	C:\Windows\System32\SHCORE.dll
0x00007fff14220000 - 0x00007fff14275000 	C:\Windows\System32\shlwapi.dll
0x00007fff128b0000 - 0x00007fff128d4000 	C:\Windows\SYSTEM32\profapi.dll
0x00007ffee0fc0000 - 0x00007ffee0fd8000 	C:\Program Files\Eclipse Adoptium\jdk-17.0.16.8-hotspot\bin\zip.dll
0x00007ffed3800000 - 0x00007ffed3819000 	C:\Program Files\Eclipse Adoptium\jdk-17.0.16.8-hotspot\bin\net.dll
0x00007fff0cbd0000 - 0x00007fff0ccdd000 	C:\Windows\SYSTEM32\WINHTTP.dll
0x00007fff12110000 - 0x00007fff1217a000 	C:\Windows\system32\mswsock.dll
0x00007ffed37e0000 - 0x00007ffed37f6000 	C:\Program Files\Eclipse Adoptium\jdk-17.0.16.8-hotspot\bin\nio.dll
0x00007ffeea9f0000 - 0x00007ffeeaa00000 	C:\Program Files\Eclipse Adoptium\jdk-17.0.16.8-hotspot\bin\verify.dll
0x00007ffedd0c0000 - 0x00007ffedd0e7000 	C:\Users\Administrator\.gradle\native\c067742578af261105cb4f569cf0c3c89f3d7b1fecec35dd04571415982c5e48\windows-amd64\native-platform.dll
0x00007ffecabf0000 - 0x00007ffecad34000 	C:\Users\Administrator\.gradle\native\100fb08df4bc3b14c8652ba06237920a3bd2aa13389f12d3474272988ae205f9\windows-amd64\native-platform-file-events.dll
0x00007ffeea6e0000 - 0x00007ffeea6ea000 	C:\Program Files\Eclipse Adoptium\jdk-17.0.16.8-hotspot\bin\management.dll
0x00007ffee7eb0000 - 0x00007ffee7ebb000 	C:\Program Files\Eclipse Adoptium\jdk-17.0.16.8-hotspot\bin\management_ext.dll
0x00007fff13880000 - 0x00007fff13888000 	C:\Windows\System32\PSAPI.DLL
0x00007fff12300000 - 0x00007fff12318000 	C:\Windows\SYSTEM32\CRYPTSP.dll
0x00007fff119c0000 - 0x00007fff119f4000 	C:\Windows\system32\rsaenh.dll
0x00007fff12830000 - 0x00007fff1285e000 	C:\Windows\SYSTEM32\USERENV.dll
0x00007fff12320000 - 0x00007fff1232c000 	C:\Windows\SYSTEM32\CRYPTBASE.dll
0x00007fff11da0000 - 0x00007fff11ddb000 	C:\Windows\SYSTEM32\IPHLPAPI.DLL
0x00007fff133c0000 - 0x00007fff133c8000 	C:\Windows\System32\NSI.dll
0x00007fff09d30000 - 0x00007fff09d47000 	C:\Windows\SYSTEM32\dhcpcsvc6.DLL
0x00007fff0bd90000 - 0x00007fff0bdad000 	C:\Windows\SYSTEM32\dhcpcsvc.DLL
0x00007fff11df0000 - 0x00007fff11eba000 	C:\Windows\SYSTEM32\DNSAPI.dll
0x00007ffee7e20000 - 0x00007ffee7e29000 	C:\Program Files\Eclipse Adoptium\jdk-17.0.16.8-hotspot\bin\extnet.dll
0x00007ffee7d20000 - 0x00007ffee7d2e000 	C:\Program Files\Eclipse Adoptium\jdk-17.0.16.8-hotspot\bin\sunmscapi.dll
0x00007fff13020000 - 0x00007fff1317c000 	C:\Windows\System32\CRYPT32.dll
0x00007fff12420000 - 0x00007fff12447000 	C:\Windows\SYSTEM32\ncrypt.dll
0x00007fff123e0000 - 0x00007fff1241b000 	C:\Windows\SYSTEM32\NTASN1.dll
0x00007ffed9180000 - 0x00007ffed9187000 	C:\Windows\system32\wshunix.dll
0x00007fff09020000 - 0x00007fff0902a000 	C:\Windows\System32\rasadhlp.dll
0x00007fff088d0000 - 0x00007fff08950000 	C:\Windows\System32\fwpuclnt.dll
0x00007ffee3ac0000 - 0x00007ffee3ad7000 	C:\Windows\system32\napinsp.dll
0x00007ffee3aa0000 - 0x00007ffee3abb000 	C:\Windows\system32\pnrpnsp.dll
0x00007ffee3a80000 - 0x00007ffee3a95000 	C:\Windows\system32\wshbth.dll
0x00007fff0cbb0000 - 0x00007fff0cbcd000 	C:\Windows\system32\NLAapi.dll
0x00007ffee3a60000 - 0x00007ffee3a72000 	C:\Windows\System32\winrnr.dll
0x00007fff0b950000 - 0x00007fff0b9e4000 	C:\Windows\system32\apphelp.dll

dbghelp: loaded successfully - version: 4.0.5 - missing functions: none
symbol engine: initialized successfully - sym options: 0x614 - pdb path: .;C:\Program Files\Eclipse Adoptium\jdk-17.0.16.8-hotspot\bin;C:\Windows\SYSTEM32;C:\Windows\WinSxS\amd64_microsoft.windows.common-controls_6595b64144ccf1df_6.0.19041.4355_none_60b8b9eb71f62e16;C:\Program Files\Eclipse Adoptium\jdk-17.0.16.8-hotspot\bin\server;C:\Users\Administrator\.gradle\native\c067742578af261105cb4f569cf0c3c89f3d7b1fecec35dd04571415982c5e48\windows-amd64;C:\Users\Administrator\.gradle\native\100fb08df4bc3b14c8652ba06237920a3bd2aa13389f12d3474272988ae205f9\windows-amd64

VM Arguments:
jvm_args: --add-opens=java.base/java.util=ALL-UNNAMED --add-opens=java.base/java.lang=ALL-UNNAMED --add-opens=java.base/java.lang.invoke=ALL-UNNAMED --add-opens=java.prefs/java.util.prefs=ALL-UNNAMED --add-opens=java.base/java.nio.charset=ALL-UNNAMED --add-opens=java.base/java.net=ALL-UNNAMED --add-opens=java.base/java.util.concurrent.atomic=ALL-UNNAMED -Xmx3G -Dfile.encoding=UTF-8 -Duser.country=CN -Duser.language=zh -Duser.variant -javaagent:C:\Users\Administrator\.gradle\wrapper\dists\gradle-8.8-bin\dl7vupf4psengwqhwktix4v1\gradle-8.8\lib\agents\gradle-instrumentation-agent-8.8.jar 
java_command: org.gradle.launcher.daemon.bootstrap.GradleDaemon 8.8
java_class_path (initial): C:\Users\Administrator\.gradle\wrapper\dists\gradle-8.8-bin\dl7vupf4psengwqhwktix4v1\gradle-8.8\lib\gradle-launcher-8.8.jar
Launcher Type: SUN_STANDARD

[Global flags]
     intx CICompilerCount                          = 4                                         {product} {ergonomic}
     uint ConcGCThreads                            = 2                                         {product} {ergonomic}
     uint G1ConcRefinementThreads                  = 8                                         {product} {ergonomic}
   size_t G1HeapRegionSize                         = 2097152                                   {product} {ergonomic}
    uintx GCDrainStackTargetSize                   = 64                                        {product} {ergonomic}
   size_t InitialHeapSize                          = 264241152                                 {product} {ergonomic}
   size_t MarkStackSize                            = 4194304                                   {product} {ergonomic}
   size_t MaxHeapSize                              = 3221225472                                {product} {command line}
   size_t MaxNewSize                               = 1931476992                                {product} {ergonomic}
   size_t MinHeapDeltaBytes                        = 2097152                                   {product} {ergonomic}
   size_t MinHeapSize                              = 8388608                                   {product} {ergonomic}
    uintx NonNMethodCodeHeapSize                   = 5839372                                {pd product} {ergonomic}
    uintx NonProfiledCodeHeapSize                  = 122909434                              {pd product} {ergonomic}
    uintx ProfiledCodeHeapSize                     = 122909434                              {pd product} {ergonomic}
    uintx ReservedCodeCacheSize                    = 251658240                              {pd product} {ergonomic}
     bool SegmentedCodeCache                       = true                                      {product} {ergonomic}
   size_t SoftMaxHeapSize                          = 3221225472                             {manageable} {ergonomic}
     bool UseCompressedClassPointers               = true                           {product lp64_product} {ergonomic}
     bool UseCompressedOops                        = true                           {product lp64_product} {ergonomic}
     bool UseG1GC                                  = true                                      {product} {ergonomic}
     bool UseLargePagesIndividualAllocation        = false                                  {pd product} {ergonomic}

Logging:
Log output configuration:
 #0: stdout all=warning uptime,level,tags
 #1: stderr all=off uptime,level,tags

Environment Variables:
JAVA_HOME=C:\Program Files\Java\jdk-25.0.2
CLASSPATH=.;C:\Program Files\Java\jdk-25.0.2\lib\dt.jar;C:\Program Files\Java\jdk-25.0.2\lib\tools.jar;
PATH=C:\Program Files (x86)\Common Files\Oracle\Java\java8path;C:\Program Files\Common Files\Oracle\Java\javapath;C:\Program Files (x86)\Common Files\Oracle\Java\javapath;C:\Program Files\Microsoft\jdk-21.0.7.6-hotspot\bin;C:\Program Files\Eclipse Adoptium\jdk-17.0.16.8-hotspot\bin;C:\Windows\system32;C:\Windows;C:\Windows\System32\Wbem;C:\Windows\System32\WindowsPowerShell\v1.0\;C:\Windows\System32\OpenSSH\;C:\Program Files\dotnet\;C:\Program Files\Git\cmd;C:\Users\Administrator\AppData\Local\Microsoft\WindowsApps;C:\Users\Administrator\AppData\Local\Programs\Microsoft VS Code\bin
USERNAME=Administrator
OS=Windows_NT
PROCESSOR_IDENTIFIER=Intel64 Family 6 Model 140 Stepping 2, GenuineIntel
TMP=C:\Users\ADMINI~1\AppData\Local\Temp
TEMP=C:\Users\ADMINI~1\AppData\Local\Temp



Periodic native trim disabled


---------------  S Y S T E M  ---------------

OS:
 Windows 10 , 64 bit Build 19041 (10.0.19041.5198)
OS uptime: 55 days 1:01 hours

CPU: total 8 (initial active 8) (4 cores per cpu, 2 threads per core) family 6 model 140 stepping 2 microcode 0x16, cx8, cmov, fxsr, ht, mmx, 3dnowpref, sse, sse2, sse3, ssse3, sse4.1, sse4.2, popcnt, lzcnt, tsc, tscinvbit, avx, avx2, aes, erms, clmul, bmi1, bmi2, adx, avx512f, avx512dq, avx512cd, avx512bw, avx512vl, sha, fma, vzeroupper, avx512_vpopcntdq, avx512_vpclmulqdq, avx512_vaes, avx512_vnni, clflush, clflushopt, clwb, avx512_vbmi2, avx512_vbmi
Processor Information for all 8 processors :
  Max Mhz: 2496, Current Mhz: 2496, Mhz Limit: 2496

Memory: 4k page, system-wide physical 16122M (2943M free)
TotalPageFile size 51517M (AvailPageFile size 439M)
current process WorkingSet (physical memory assigned to process): 793M, peak: 821M
current process commit charge ("private bytes"): 911M, peak: 1453M

vm_info: OpenJDK 64-Bit Server VM (17.0.16+8) for windows-amd64 JRE (17.0.16+8), built on Jul 16 2025 10:37:56 by "admin" with MS VC++ 17.7 (VS2022)

END.
